[Licensing::Module] Trying to connect to existing licensing client channel...
[Licensing::IpcConnector] Successfully connected to: "LicenseClient-CS2025" at "2026-09-21T03:02:05.6377263Z"
Built from '6000.6/respin/6000.6.0f1-fa21a270ab12' branch; Version is '6000.6.0f1 (f7f8ed4d1e24) revision 16251117'; Using compiler version '194234433'; Build Type 'Release'
OS: 'Windows 11  (10.0.22631) Enterprise' Language: 'zh' Physical Memory: 16053 MB
BatchMode: 1, IsHumanControllingUs: 0, StartBugReporterOnCrash: 0, Is64bit: 1
System  architecture: x64
Process architecture: x64
Date: 2026-09-21T03:02:05Z
[Licensing::Client] Code 10 while verifying Licensing Client signature (process Id: 7004, path: "C:/Program Files/Unity Hub/UnityLicensingClient_V1/Unity.Licensing.Client.exe")
[Licensing::Module] LicensingClient has failed validation; ignoring
[Licensing::Client] Handshaking with LicensingClient:
  Version:                 1.18.3+d7ffd15
  Session Id:              3556dbf2ab764abf9dfbd3f7b7139164
  Correlation Id:          2fda475f26dd7829e6f2fb15020aba27
  External correlation Id: 1998635467117195610
  Machine Id:              oyhdFeAdCaeIokcTrryjiu2Q/Ro=
[Licensing::Module] Successfully connected to LicensingClient on channel: "LicenseClient-CS2025" (connect: 0.00s, validation: 0.00s, handshake: 0.03s)
[Licensing::IpcConnector] Successfully connected to: "LicenseClient-CS2025-notifications" at "2026-09-21T03:02:05.6658668Z"
[Licensing::Module] Licensing Background thread has ended after 0.03s

COMMAND LINE ARGUMENTS:
C:\Program Files\Unity\Hub\Editor\6000.6.0f1\Editor\Unity.exe
-adb2
-batchMode
-noUpm
-name
AssetImportWorkerHW2
-projectPath
C:/Users/CS2024/1151VR-HW1-414261498-陳宥元
-logFile
Logs/AssetImportWorkerHW2.log
-srvPort
64237
-parentPid
20464
-analyticsCloudUserId
33264223993726
-analyticsLocalProjectId
3d1ec24547d661f4eb17243830b0d599
-editorAnalyticsEnabled
1
-cbmEditorLicense
86fad066e0e044d426811b61e02e32432624f163
-cbmMachineId
oyhdFeAdCaeIokcTrryjiu2Q/Ro=
-licensingIpc
LicenseClient-CS2025
-noDiagnosticSwitchPersistentStore
-job-worker-count
9
-background-job-worker-count
8
-asset-garbage-collectors
1
-force-d3d12
-name
AssetImport
Successfully changed project path to: C:/Users/CS2024/1151VR-HW1-414261498-陳宥元
C:/Users/CS2024/1151VR-HW1-414261498-陳宥元
[UnityMemory] Configuration Parameters - Can be set up in boot.config
    "memorysetup-temp-allocator-size-gi-baking-worker=262144"
    "memorysetup-temp-allocator-size-gi-baking-worker=262144"
    "memorysetup-temp-allocator-size-gi-baking-worker=262144"
    "memorysetup-temp-allocator-size-gi-baking-worker=262144"
    "memorysetup-temp-allocator-size-gi-baking-worker=262144"
    "memorysetup-temp-allocator-size-nav-mesh-worker=65536"
    "memorysetup-temp-allocator-size-audio-worker=65536"
    "memorysetup-temp-allocator-size-cloud-worker=32768"
    "memorysetup-temp-allocator-size-gfx=262144"
    "memorysetup-remapper-allocator-initial-capacity=32768"
    "memorysetup-temp-allocator-size-preload-manager=33554432"
    "memorysetup-allocator-temp-initial-block-size-main=262144"
    "memorysetup-allocator-temp-initial-block-size-worker=262144"
    "memorysetup-temp-allocator-size-job-worker=262144"
    "memorysetup-temp-allocator-size-background-worker=32768"
    "memorysetup-bucket-allocator-granularity=16"
    "memorysetup-bucket-allocator-bucket-count=8"
    "memorysetup-bucket-allocator-block-size=33554432"
    "memorysetup-bucket-allocator-block-count=8"
    "memorysetup-main-allocator-block-size=16777216"
    "memorysetup-thread-allocator-block-size=16777216"
    "memorysetup-main-allocator-mimalloc-enabled=1"
    "memorysetup-gfx-main-allocator-block-size=16777216"
    "memorysetup-gfx-thread-allocator-block-size=16777216"
    "memorysetup-cache-allocator-block-size=4194304"
    "memorysetup-typetree-allocator-block-size=2097152"
    "memorysetup-profiler-bucket-allocator-granularity=16"
    "memorysetup-profiler-bucket-allocator-bucket-count=8"
    "memorysetup-profiler-bucket-allocator-block-size=33554432"
    "memorysetup-profiler-bucket-allocator-block-count=8"
    "memorysetup-profiler-allocator-block-size=16777216"
    "memorysetup-profiler-editor-allocator-block-size=1048576"
    "memorysetup-temp-allocator-size-main=16777216"
    "memorysetup-job-temp-allocator-block-size=2097152"
    "memorysetup-job-temp-allocator-block-size-background=1048576"
    "memorysetup-job-temp-allocator-reduction-small-platforms=262144"
Player connection [23048]  Target information:

Player connection [23048]  * "[IP] 140.136.150.22 [Port] 0 [Flags] 2 [Guid] 2228996109 [EditorId] 2228996109 [Version] 1048832 [Id] WindowsEditor(7,PC22) [Debug] 1 [PackageName] WindowsEditor [ProjectName] Editor" 

Player connection [23048]  * "[IP] 192.168.56.1 [Port] 0 [Flags] 2 [Guid] 2228996109 [EditorId] 2228996109 [Version] 1048832 [Id] WindowsEditor(7,PC22) [Debug] 1 [PackageName] WindowsEditor [ProjectName] Editor" 

Player connection [23048]  * "[IP] 192.168.53.1 [Port] 0 [Flags] 2 [Guid] 2228996109 [EditorId] 2228996109 [Version] 1048832 [Id] WindowsEditor(7,PC22) [Debug] 1 [PackageName] WindowsEditor [ProjectName] Editor" 

Player connection [23048]  * "[IP] 192.168.45.1 [Port] 0 [Flags] 2 [Guid] 2228996109 [EditorId] 2228996109 [Version] 1048832 [Id] WindowsEditor(7,PC22) [Debug] 1 [PackageName] WindowsEditor [ProjectName] Editor" 

Player connection [23048] Host joined multi-casting on [225.0.0.222:54997]...
Player connection [23048] Host joined alternative multi-casting on [225.0.0.222:34997]...
JobSystem: Creating JobQueue using job-worker-count value 9
Input System module state changed to: Initialized.
[Physics::Module] Initialized fallback backend.
[Physics::Module] Id: 0xdecafbad
Library Redirect Path: Library/
Initialising UDS system complete:
  - System type: Client
  - Resource namespace: 72487b62e09863a88008062e59f9a196
  - Shared memory size: 1073741824
  - Command buffer id: 1052576
  - Command buffer size: 8192
  - Hashmap size: 4194304
  - Service connected: true
  - Service working directory: Library/DataStore/
[Physics::Module] Selected backend.
[Physics::Module] Name: PhysX
[Physics::Module] Id: 0xf2b8ea05
[Physics::Module] SDK Version: 4.1.2
[Physics::Module] Integration Version: 1.0.0
[Physics::Module] Threading Mode: Multi-Threaded
Refreshing native plugins compatible for Editor in 4.17 ms, found 4 plugins.
Initialize engine version: 6000.6.0f1 (f7f8ed4d1e24)
[EntityIdStore] init: VM path (explicit commit), pageSize=4096, blockCount=1048576, entitiesPerBlock=256, slots reserved=4294967296 bytes
[Subsystems] Discovering subsystems at path C:/Program Files/Unity/Hub/Editor/6000.6.0f1/Editor/Data/Resources/UnitySubsystems
[Subsystems] Discovering subsystems at path C:/Users/CS2024/1151VR-HW1-414261498-陳宥元/Assets
Forcing GfxDevice: Direct3D 12
GfxDevice: creating device client; kGfxThreadingModeNonThreaded
d3d12: failed to query info queue interface (0x80004002).
Direct3D:
    Version:         Direct3D 12 [level 12.1]
    Renderer:        Intel(R) UHD Graphics 770 (ID=0x4680)
    Vendor:          Intel
    VRAM:            8026 MB
    App VRAM Budget: 7369 MB
    Driver:          32.0.101.7077
    Unified Memory Architecture
    Cache Coherent UMA
Initialize mono
Mono path[0] = 'C:/Program Files/Unity/Hub/Editor/6000.6.0f1/Editor/Data/Managed'
Mono path[1] = 'C:/Program Files/Unity/Hub/Editor/6000.6.0f1/Editor/Data/BCLExtensions/runtime/netstandard2.1'
Mono path[2] = 'C:/Program Files/Unity/Hub/Editor/6000.6.0f1/Editor/Data/MonoBleedingEdge/lib/mono/unityjit-win32'
Mono config path = 'C:/Program Files/Unity/Hub/Editor/6000.6.0f1/Editor/Data/MonoBleedingEdge/etc'
Using monoOptions --debugger-agent=transport=dt_socket,embedding=1,server=y,suspend=n,address=127.0.0.1:56576
CodeReloadManager initialized
Begin MonoManager ReloadAssembly
Registering precompiled unity dll's ...
Register platform support module: C:/Program Files/Unity/Hub/Editor/6000.6.0f1/Editor/Data/PlaybackEngines/WebGLSupport/UnityEditor.WebGL.Extensions.dll
Register platform support module: C:/Program Files/Unity/Hub/Editor/6000.6.0f1/Editor/Data/PlaybackEngines/WindowsStandaloneSupport/UnityEditor.WindowsStandalone.Extensions.dll
[Licensing::Client] Successfully resolved entitlement details
[Licensing::Module] License group:
  Id: ewogICJzdWJzR3JvdXAiIDogInVuaXR5IGVkaXRvciIsCiAgIm5hbWVzcGFjZSIgOiAidW5pdHlfZWRpdG9yIiwKICAidHlwZSIgOiAiRURJVE9SIiwKICAidGFnIiA6ICJVbml0eVBlcnNvbmFsXXXX
  Product: Unity Personal Version
  Type: Assigned
  Expiration: Unlimited
Register platform support module: C:/Program Files/Unity/Hub/Editor/6000.6.0f1/Editor/Data/PlaybackEngines/MetroSupport/UnityEditor.UWP.Extensions.dll
Registered in 0.005322 seconds.
Native extension for UWP target not found
Native extension for WindowsStandalone target not found
Native extension for WebGL target not found
Package Manager log level set to [2]
[Package Manager] Failed to launch server process. Reason: Unity was launched with the -noUpm command-line argument
[Package Manager] Unable to send message (not connected to server process).
[Package Manager] Cannot connect to Unity Package Manager local server
ScheduleIndexationOnStartup MainProcess:False IndexOnStartup:True
Scripting: successfully reloaded assembly
- Finished resetting the current domain, in  0.424 seconds
Domain Reload Profiling: 1012ms
	BeginReloadAssembly (160ms)
	RebuildCommonClasses (6ms)
	RebuildNativeTypeToScriptingClass (25ms)
	initialDomainReloadingComplete (90ms)
	LoadAllAssembliesAndSetupDomain (306ms)
		LoadAssemblies (157ms)
		TypeCache.Refresh (211ms)
			TypeCache.ScanAssembly (199ms)
		AnalyzeDomain (0ms)
	FinalizeReload (425ms)
		SetupLoadedEditorAssemblies (0ms)
			InitializePlatformSupportModulesInManaged (33ms)
			BeforeProcessingInitializeOnLoad (91ms)
			ProcessInitializeOnLoadAttributes (82ms)
			ProcessInitializeOnLoadMethodAttributes (139ms)
Initializing Unity extensions:
[Licensing::Client] Successfully resolved entitlement details
========================================================================
Worker process is ready to serve import requests
Import Worker Mode flag is 0x00
Begin MonoManager ReloadAssembly
'Packages/com.unity.render-pipelines.core/Editor/Deprecated.cs' contains partial class of Unity.Object, exactly 1 of the partial classes needs to be in a file with the same filename. This is to know the one that can be referenced from ie. GameObjects
'Packages/com.unity.render-pipelines.core/Editor/Deprecated.cs' contains partial class of Unity.Object, exactly 1 of the partial classes needs to be in a file with the same filename. This is to know the one that can be referenced from ie. GameObjects
Native extension for UWP target not found
Native extension for WindowsStandalone target not found
Native extension for WebGL target not found
[Package Manager] Failed to launch server process. Reason: Unity was launched with the -noUpm command-line argument
[Package Manager] Unable to send message (not connected to server process).
[Package Manager] Cannot connect to Unity Package Manager local server
[Package Manager] Failed to launch server process. Reason: Unity was launched with the -noUpm command-line argument
[Package Manager] Unable to send message (not connected to server process).
[Package Manager] Cannot connect to Unity Package Manager local server
ScheduleIndexationOnStartup MainProcess:False IndexOnStartup:True
Scripting: successfully reloaded assembly
- Finished resetting the current domain, in  0.686 seconds
Domain Reload Profiling: 1513ms
	BeginReloadAssembly (193ms)
		DisableScriptedObjects (8ms)
		CreateAndSetChildDomain (26ms)
	RebuildCommonClasses (7ms)
	RebuildNativeTypeToScriptingClass (14ms)
	initialDomainReloadingComplete (48ms)
	LoadAllAssembliesAndSetupDomain (563ms)
		LoadAssemblies (325ms)
		TypeCache.Refresh (142ms)
			TypeCache.ScanAssembly (129ms)
		AnalyzeDomain (67ms)
			BuildScriptInfoCaches (62ms)
			ResolveRequiredComponents (4ms)
	FinalizeReload (687ms)
		SetupLoadedEditorAssemblies (0ms)
			LogAssemblyErrors (3ms)
			InitializePlatformSupportModulesInManaged (8ms)
			BeforeProcessingInitializeOnLoad (93ms)
			ProcessInitializeOnLoadAttributes (240ms)
			ProcessInitializeOnLoadMethodAttributes (78ms)
			AfterProcessingInitializeOnLoad (4ms)
		AwakeInstancesAfterBackupRestoration (6ms)
AcceleratorClientConnectionCallback - disconnected - :0
Launched and connected shader compiler UnityShaderCompiler.exe after 0.01 seconds
Unloading 61 Unused Serialized files (Serialized files now loaded: 0)
Unloading 6611 unused Assets / (10.5 MB). Loaded Objects now: 7472.
Memory consumption went from 344.8 MB to 334.3 MB.
Total: 8.061100 ms (FindLiveObjects: 0.889200 ms CreateObjectMapping: 0.327700 ms MarkObjects: 4.523800 ms  DeleteObjects: 2.090600 ms)

========================================================================
Received Import Request.
  Time of request: 2026-09-21T03:02:17.9269127Z
  Time since last request: 7047.37772909999967 seconds.
  importAddress: GUID: f2c3f25206bc5304593237a67a5a30b4 - Path: Assets/Kevin Iglesias/Human Animations/Animations/Female/Social - Importer: ScriptedImporter/UnityEditor.QuickSearchModule:UnityEditor.Search:ASIAI0B
Importing 'GUID: f2c3f25206bc5304593237a67a5a30b4 - Path: Assets/Kevin Iglesias/Human Animations/Animations/Female/Social - Importer: ScriptedImporter/UnityEditor.QuickSearchModule:UnityEditor.Search:ASIAI0B' with importer (ScriptedImporter : UnityEditor.QuickSearchModule:UnityEditor.Search:ASIAI0B)
Imported 'GUID: f2c3f25206bc5304593237a67a5a30b4' -> (Import Result ID: 'e7ce4b5c29c623e25e27d2a13ab1eeaa') in 0.047 seconds [static and dynamic dependencies]. Details - ImportResultOutputID=94a79408068f84ee4e06ea7cc36d0d7f DependenciesID=c443cbf7e5bb90414e5dd78607124de0 StaticDependenciesID=0c62375141542f30489ad7a464eb5a90 
Number of updated asset objects reloaded before import = 0
Number of asset objects unloaded after import = 1
========================================================================
Received Import Request.
  Time of request: 2026-09-21T03:02:18.0159045Z
  Time since last request: 0.0313457 seconds.
  importAddress: GUID: d566567af8d4548409c7a95dc3995977 - Path: Assets/Kevin Iglesias/Human Animations/Animations/Female/Movement/Walk/RootMotion/HumanF@Walk01_Left [RM].fbx - Importer: ScriptedImporter/UnityEditor.QuickSearchModule:UnityEditor.Search:ASIAI0B
Importing 'GUID: d566567af8d4548409c7a95dc3995977 - Path: Assets/Kevin Iglesias/Human Animations/Animations/Female/Movement/Walk/RootMotion/HumanF@Walk01_Left [RM].fbx - Importer: ScriptedImporter/UnityEditor.QuickSearchModule:UnityEditor.Search:ASIAI0B' with importer (ScriptedImporter : UnityEditor.QuickSearchModule:UnityEditor.Search:ASIAI0B)
Imported 'GUID: d566567af8d4548409c7a95dc3995977' -> (Import Result ID: '3f67e9b19914f82cc721abf83d939a9d') in 0.090 seconds [static and dynamic dependencies]. Details - ImportResultOutputID=0db04f0e98eeabdaff944c5ea6f25bec DependenciesID=f72ee78dc4bfda0167024e4c604dd4a4 StaticDependenciesID=304cde2e410e7e5ea18527e8a0e02e9d 
Number of updated asset objects reloaded before import = 0
Number of asset objects unloaded after import = 120
========================================================================
Received Import Request.
  Time of request: 2026-09-21T03:02:18.1176402Z
  Time since last request: 0.000018 seconds.
  importAddress: GUID: c133e3c197c12e04a9dd23bd0966910f - Path: Assets/Kevin Iglesias/Human Animations/Animations/Male/Movement/Walk/HumanM@Walk01_Forward.fbx - Importer: ScriptedImporter/UnityEditor.QuickSearchModule:UnityEditor.Search:ASIAI0B
Importing 'GUID: c133e3c197c12e04a9dd23bd0966910f - Path: Assets/Kevin Iglesias/Human Animations/Animations/Male/Movement/Walk/HumanM@Walk01_Forward.fbx - Importer: ScriptedImporter/UnityEditor.QuickSearchModule:UnityEditor.Search:ASIAI0B' with importer (ScriptedImporter : UnityEditor.QuickSearchModule:UnityEditor.Search:ASIAI0B)
Imported 'GUID: c133e3c197c12e04a9dd23bd0966910f' -> (Import Result ID: '9f6a4c261cd2c7539a377d1248129e35') in 0.009 seconds [static and dynamic dependencies]. Details - ImportResultOutputID=3c2b7a9d6cb478863b439b2f8f97d641 DependenciesID=e63d7d369409ec052354a14d336ac5dc StaticDependenciesID=a4ce30381847dd46f72e2e6ad7c7d99c 
Number of updated asset objects reloaded before import = 0
Number of asset objects unloaded after import = 120
========================================================================
Received Import Request.
  Time of request: 2026-09-21T03:02:18.1366801Z
  Time since last request: 0.0001647 seconds.
  importAddress: GUID: 3c01d1ed15a1c0f49b77151cfdaa3e8d - Path: Assets/Kevin Iglesias/Human Animations/Models/Avatar Masks/Arms/Human Arm Left Mask.mask - Importer: ScriptedImporter/UnityEditor.QuickSearchModule:UnityEditor.Search:ASIAI0B
Importing 'GUID: 3c01d1ed15a1c0f49b77151cfdaa3e8d - Path: Assets/Kevin Iglesias/Human Animations/Models/Avatar Masks/Arms/Human Arm Left Mask.mask - Importer: ScriptedImporter/UnityEditor.QuickSearchModule:UnityEditor.Search:ASIAI0B' with importer (ScriptedImporter : UnityEditor.QuickSearchModule:UnityEditor.Search:ASIAI0B)
Imported 'GUID: 3c01d1ed15a1c0f49b77151cfdaa3e8d' -> (Import Result ID: '95def2ce8e790bbf3949f519478b1738') in 0.003 seconds [static and dynamic dependencies]. Details - ImportResultOutputID=bef5fdbef96fa330b0ecbb980c3579c2 DependenciesID=b11cb6268ccdc686957764f9f5b71f83 StaticDependenciesID=5bc0a3fa010a850b3c9e608686cb5288 
Number of updated asset objects reloaded before import = 0
Number of asset objects unloaded after import = 1
========================================================================
Received Import Request.
  Time of request: 2026-09-21T03:02:18.1500753Z
  Time since last request: 0.0003649 seconds.
  importAddress: GUID: e6594c847f8afc14d9221105e31658cd - Path: Assets/Kevin Iglesias/Human Animations/Animations/Male/Idles - Importer: ScriptedImporter/UnityEditor.QuickSearchModule:UnityEditor.Search:ASIAI0B
Importing 'GUID: e6594c847f8afc14d9221105e31658cd - Path: Assets/Kevin Iglesias/Human Animations/Animations/Male/Idles - Importer: ScriptedImporter/UnityEditor.QuickSearchModule:UnityEditor.Search:ASIAI0B' with importer (ScriptedImporter : UnityEditor.QuickSearchModule:UnityEditor.Search:ASIAI0B)
Imported 'GUID: e6594c847f8afc14d9221105e31658cd' -> (Import Result ID: '1fcc9687407db15690b15ca21261e89f') in 0.003 seconds [static and dynamic dependencies]. Details - ImportResultOutputID=ff69d8a9df56262b0d609d54b37b2585 DependenciesID=ae998418aa8753015c4513a43c211934 StaticDependenciesID=4833671a9e3dd8bb3d4848c5ad958f40 
Number of updated asset objects reloaded before import = 0
Number of asset objects unloaded after import = 1
========================================================================
Received Import Request.
  Time of request: 2026-09-21T03:02:18.1650012Z
  Time since last request: 0.000473 seconds.
  importAddress: GUID: fef76271049cee74db99d4a4ab446955 - Path: Assets/Kevin Iglesias/Human Animations/Animations/Male/Movement/Turn - Importer: ScriptedImporter/UnityEditor.QuickSearchModule:UnityEditor.Search:ASIAI0B
Importing 'GUID: fef76271049cee74db99d4a4ab446955 - Path: Assets/Kevin Iglesias/Human Animations/Animations/Male/Movement/Turn - Importer: ScriptedImporter/UnityEditor.QuickSearchModule:UnityEditor.Search:ASIAI0B' with importer (ScriptedImporter : UnityEditor.QuickSearchModule:UnityEditor.Search:ASIAI0B)
Imported 'GUID: fef76271049cee74db99d4a4ab446955' -> (Import Result ID: '5a07a5f86dd41093fc0600a497ba0b93') in 0.002 seconds [static and dynamic dependencies]. Details - ImportResultOutputID=352438d334844a2acbece7b060738b94 DependenciesID=d7a958e9d6fbbb60c869755b10119a68 StaticDependenciesID=32ea6542402bae9d009cc703c5c18f81 
Number of updated asset objects reloaded before import = 0
Number of asset objects unloaded after import = 1
========================================================================
Received Import Request.
  Time of request: 2026-09-21T03:02:18.178135Z
  Time since last request: 0.0004713 seconds.
  importAddress: GUID: 5adc485d7fe4ae642890a72ce2d7ccfd - Path: Assets/Kevin Iglesias/Human Animations/Unity Demo Scenes/Human Basic Motions/Human Basic Motions FREE - Unity Demo Scene.unity - Importer: ScriptedImporter/UnityEditor.QuickSearchModule:UnityEditor.Search:ASIAI0B
Importing 'GUID: 5adc485d7fe4ae642890a72ce2d7ccfd - Path: Assets/Kevin Iglesias/Human Animations/Unity Demo Scenes/Human Basic Motions/Human Basic Motions FREE - Unity Demo Scene.unity - Importer: ScriptedImporter/UnityEditor.QuickSearchModule:UnityEditor.Search:ASIAI0B' with importer (ScriptedImporter : UnityEditor.QuickSearchModule:UnityEditor.Search:ASIAI0B)
Imported 'GUID: 5adc485d7fe4ae642890a72ce2d7ccfd' -> (Import Result ID: '1ddf081cc39cd45395cbf11221656d60') in 0.008 seconds [static and dynamic dependencies]. Details - ImportResultOutputID=13d2191725895efa07c3c448c0c8a0d5 DependenciesID=75f354cfe33ef18fdfb09f4629715249 StaticDependenciesID=5cdf5e3223234e561fe2befacd15a961 
Number of updated asset objects reloaded before import = 0
Number of asset objects unloaded after import = 1
========================================================================
Received Import Request.
  Time of request: 2026-09-21T03:02:18.1957128Z
  Time since last request: 0.0004341 seconds.
  importAddress: GUID: 56d8ff19983f1de47a7aef7fb3a2d2e3 - Path: Assets/Kevin Iglesias/Human Animations/Animations/Male/Movement/Run/RootMotion/HumanM@Run01_ForwardLeft [RM].fbx - Importer: ScriptedImporter/UnityEditor.QuickSearchModule:UnityEditor.Search:ASIAI0B
Importing 'GUID: 56d8ff19983f1de47a7aef7fb3a2d2e3 - Path: Assets/Kevin Iglesias/Human Animations/Animations/Male/Movement/Run/RootMotion/HumanM@Run01_ForwardLeft [RM].fbx - Importer: ScriptedImporter/UnityEditor.QuickSearchModule:UnityEditor.Search:ASIAI0B' with importer (ScriptedImporter : UnityEditor.QuickSearchModule:UnityEditor.Search:ASIAI0B)
Imported 'GUID: 56d8ff19983f1de47a7aef7fb3a2d2e3' -> (Import Result ID: '781b1a1176d4ccf1a9f240ece7e989dc') in 0.008 seconds [static and dynamic dependencies]. Details - ImportResultOutputID=42c9385c7c09cf72c30c67ef33929032 DependenciesID=d3723643e4729815ce6e4135bf45536c StaticDependenciesID=3329e279084a23ceed0f8b0186de58c9 
Number of updated asset objects reloaded before import = 0
Number of asset objects unloaded after import = 120
========================================================================
Received Import Request.
  Time of request: 2026-09-21T03:02:18.2137656Z
  Time since last request: 0.0002826 seconds.
  importAddress: GUID: bb96394e9629f20408ea23d3760ba123 - Path: Assets/Kevin Iglesias/Human Animations/Unity Demo Scenes/Human Basic Motions/Prefabs/Human_BasicMotionsDummy_M.prefab - Importer: ScriptedImporter/UnityEditor.QuickSearchModule:UnityEditor.Search:ASIAI0B
Importing 'GUID: bb96394e9629f20408ea23d3760ba123 - Path: Assets/Kevin Iglesias/Human Animations/Unity Demo Scenes/Human Basic Motions/Prefabs/Human_BasicMotionsDummy_M.prefab - Importer: ScriptedImporter/UnityEditor.QuickSearchModule:UnityEditor.Search:ASIAI0B' with importer (ScriptedImporter : UnityEditor.QuickSearchModule:UnityEditor.Search:ASIAI0B)
Imported 'GUID: bb96394e9629f20408ea23d3760ba123' -> (Import Result ID: '5eeb51c2120078588cc2b1272cce61b0') in 0.017 seconds [static and dynamic dependencies]. Details - ImportResultOutputID=7382fdce70b9df7097654ce3e39ee990 DependenciesID=633eefb1843700b443643d076702ba28 StaticDependenciesID=9a5bfa4474505591bc2c80837d7bb0a5 
Number of updated asset objects reloaded before import = 0
Number of asset objects unloaded after import = 247
========================================================================
Received Import Request.
  Time of request: 2026-09-21T03:02:18.2419655Z
  Time since last request: 0.0001365 seconds.
  importAddress: GUID: 4ff39103735d8aa4cb2b923e50e2d165 - Path: Assets/Kevin Iglesias/Human Animations/Models/Avatar Masks/Hands - Importer: ScriptedImporter/UnityEditor.QuickSearchModule:UnityEditor.Search:ASIAI0B
Importing 'GUID: 4ff39103735d8aa4cb2b923e50e2d165 - Path: Assets/Kevin Iglesias/Human Animations/Models/Avatar Masks/Hands - Importer: ScriptedImporter/UnityEditor.QuickSearchModule:UnityEditor.Search:ASIAI0B' with importer (ScriptedImporter : UnityEditor.QuickSearchModule:UnityEditor.Search:ASIAI0B)
Imported 'GUID: 4ff39103735d8aa4cb2b923e50e2d165' -> (Import Result ID: '3e26459bcf822bbf132f22a5468b8982') in 0.003 seconds [static and dynamic dependencies]. Details - ImportResultOutputID=6e30455891ff9b3c72e1615ef07db033 DependenciesID=46b54ff803d948bb02b83cfeab3bccb3 StaticDependenciesID=f6accf28112475fbbe24d297878e4ce0 
Number of updated asset objects reloaded before import = 0
Number of asset objects unloaded after import = 1
========================================================================
Received Import Request.
  Time of request: 2026-09-21T03:02:18.2558174Z
  Time since last request: 0.0004606 seconds.
  importAddress: GUID: 142a22760aae7114f82e9cfc781709d0 - Path: Assets/Kevin Iglesias/Human Animations/Models/Avatar Masks/Human Body Upper Mask.mask - Importer: ScriptedImporter/UnityEditor.QuickSearchModule:UnityEditor.Search:ASIAI0B
Importing 'GUID: 142a22760aae7114f82e9cfc781709d0 - Path: Assets/Kevin Iglesias/Human Animations/Models/Avatar Masks/Human Body Upper Mask.mask - Importer: ScriptedImporter/UnityEditor.QuickSearchModule:UnityEditor.Search:ASIAI0B' with importer (ScriptedImporter : UnityEditor.QuickSearchModule:UnityEditor.Search:ASIAI0B)
Imported 'GUID: 142a22760aae7114f82e9cfc781709d0' -> (Import Result ID: '1929749a1e1379b0e1a74573ef172387') in 0.003 seconds [static and dynamic dependencies]. Details - ImportResultOutputID=2ddaa4957c7d135255dcac2b61fcb3a8 DependenciesID=7834deb6d09ad3841711e099f94961b7 StaticDependenciesID=3dcea57c887c50fa7d93cb6d82238236 
Number of updated asset objects reloaded before import = 0
Number of asset objects unloaded after import = 1
========================================================================
Received Import Request.
  Time of request: 2026-09-21T03:02:18.2694585Z
  Time since last request: 0.0003658 seconds.
  importAddress: GUID: 56fd86b76fc74d24d83522069f5deb9b - Path: Assets/Kevin Iglesias/Human Animations/Animations/Male/Idles/HumanM@Idle01.fbx - Importer: ScriptedImporter/UnityEditor.QuickSearchModule:UnityEditor.Search:ASIAI0B
Importing 'GUID: 56fd86b76fc74d24d83522069f5deb9b - Path: Assets/Kevin Iglesias/Human Animations/Animations/Male/Idles/HumanM@Idle01.fbx - Importer: ScriptedImporter/UnityEditor.QuickSearchModule:UnityEditor.Search:ASIAI0B' with importer (ScriptedImporter : UnityEditor.QuickSearchModule:UnityEditor.Search:ASIAI0B)
Imported 'GUID: 56fd86b76fc74d24d83522069f5deb9b' -> (Import Result ID: 'd4bf808721ac89f72851d18ccf3bf737') in 0.010 seconds [static and dynamic dependencies]. Details - ImportResultOutputID=fe21e9958581989112e5ceaa3394905c DependenciesID=1a1b22447309a3c71fea773e5c02f312 StaticDependenciesID=0190aceca63b196b3d3ac5ca7efa8706 
Number of updated asset objects reloaded before import = 0
Number of asset objects unloaded after import = 120
========================================================================
Received Import Request.
  Time of request: 2026-09-21T03:02:18.2914829Z
  Time since last request: 0.0003184 seconds.
  importAddress: GUID: c337eaab751341e43ac0ba1c83ead291 - Path: Assets/Kevin Iglesias/Human Animations/Animations/Male/Movement/Jump/HumanM@Jump01 [RM].fbx - Importer: ScriptedImporter/UnityEditor.QuickSearchModule:UnityEditor.Search:ASIAI0B
Importing 'GUID: c337eaab751341e43ac0ba1c83ead291 - Path: Assets/Kevin Iglesias/Human Animations/Animations/Male/Movement/Jump/HumanM@Jump01 [RM].fbx - Importer: ScriptedImporter/UnityEditor.QuickSearchModule:UnityEditor.Search:ASIAI0B' with importer (ScriptedImporter : UnityEditor.QuickSearchModule:UnityEditor.Search:ASIAI0B)
Imported 'GUID: c337eaab751341e43ac0ba1c83ead291' -> (Import Result ID: 'd93046dc983bfb15870b8e9f5f7bcfe6') in 0.008 seconds [static and dynamic dependencies]. Details - ImportResultOutputID=ba89e188a9f78453b4f15b7a9c17e308 DependenciesID=36bb945774736ad1eee835d21e807fae StaticDependenciesID=9683d4dc3cd9194dd089278bc27f94dd 
Number of updated asset objects reloaded before import = 0
Number of asset objects unloaded after import = 120
========================================================================
Received Import Request.
  Time of request: 2026-09-21T03:02:18.3097423Z
  Time since last request: 0.0002142 seconds.
  importAddress: GUID: 793ed774c3ee38a45bea52043777b72e - Path: Assets/Kevin Iglesias/Human Animations/Animations/Female/Movement/Turn/HumanF@Turn01_Right [RM].fbx - Importer: ScriptedImporter/UnityEditor.QuickSearchModule:UnityEditor.Search:ASIAI0B
Importing 'GUID: 793ed774c3ee38a45bea52043777b72e - Path: Assets/Kevin Iglesias/Human Animations/Animations/Female/Movement/Turn/HumanF@Turn01_Right [RM].fbx - Importer: ScriptedImporter/UnityEditor.QuickSearchModule:UnityEditor.Search:ASIAI0B' with importer (ScriptedImporter : UnityEditor.QuickSearchModule:UnityEditor.Search:ASIAI0B)
Imported 'GUID: 793ed774c3ee38a45bea52043777b72e' -> (Import Result ID: '8cc179d85d0331af747ac49dae8fff47') in 0.009 seconds [static and dynamic dependencies]. Details - ImportResultOutputID=27f3a57ceda4a775922a60f62137f653 DependenciesID=811208381523a7a7ddb2049a5b82b080 StaticDependenciesID=8070a512acc8bf971c62ce38497a098b 
Number of updated asset objects reloaded before import = 0
Number of asset objects unloaded after import = 120
========================================================================
Received Import Request.
  Time of request: 2026-09-21T03:02:18.3290424Z
  Time since last request: 0.0001271 seconds.
  importAddress: GUID: b4ae722a24b2a8d4b98cbe5ddda51e41 - Path: Assets/Kevin Iglesias/Human Animations/Animations/Female/Movement/Turn/HumanF@Turn01_Right.fbx - Importer: ScriptedImporter/UnityEditor.QuickSearchModule:UnityEditor.Search:ASIAI0B
Importing 'GUID: b4ae722a24b2a8d4b98cbe5ddda51e41 - Path: Assets/Kevin Iglesias/Human Animations/Animations/Female/Movement/Turn/HumanF@Turn01_Right.fbx - Importer: ScriptedImporter/UnityEditor.QuickSearchModule:UnityEditor.Search:ASIAI0B' with importer (ScriptedImporter : UnityEditor.QuickSearchModule:UnityEditor.Search:ASIAI0B)
Imported 'GUID: b4ae722a24b2a8d4b98cbe5ddda51e41' -> (Import Result ID: 'd585502f7cefbd6bab5765d0700e962b') in 0.008 seconds [static and dynamic dependencies]. Details - ImportResultOutputID=987c5437349cd019a706faa54f9cbe92 DependenciesID=ed2cecdc0019f138b94b6773951b3903 StaticDependenciesID=188c46d4d4f9da695406af1f989d916f 
Number of updated asset objects reloaded before import = 0
Number of asset objects unloaded after import = 120
========================================================================
Received Import Request.
  Time of request: 2026-09-21T03:02:18.3757199Z
  Time since last request: 0.0293594 seconds.
  importAddress: GUID: c8115ddbaf422d84bba45d0cc5d9fc70 - Path: Assets/Kevin Iglesias/Human Animations/Animations/Female/Movement/Jump/HumanF@Jump01 [RM] - Begin.fbx - Importer: ScriptedImporter/UnityEditor.QuickSearchModule:UnityEditor.Search:ASIAI0B
Importing 'GUID: c8115ddbaf422d84bba45d0cc5d9fc70 - Path: Assets/Kevin Iglesias/Human Animations/Animations/Female/Movement/Jump/HumanF@Jump01 [RM] - Begin.fbx - Importer: ScriptedImporter/UnityEditor.QuickSearchModule:UnityEditor.Search:ASIAI0B' with importer (ScriptedImporter : UnityEditor.QuickSearchModule:UnityEditor.Search:ASIAI0B)
Imported 'GUID: c8115ddbaf422d84bba45d0cc5d9fc70' -> (Import Result ID: 'b8def2492ff54a6c9c922b71d3192aeb') in 0.012 seconds [static and dynamic dependencies]. Details - ImportResultOutputID=9b420b1c7d2839afaad9e8dd73b9cf5e DependenciesID=f0ae42fab194fd3b9b986f0de9335d24 StaticDependenciesID=626912a4ec81cd17b49c8033175fc1d3 
Number of updated asset objects reloaded before import = 0
Number of asset objects unloaded after import = 120
========================================================================
Received Import Request.
  Time of request: 2026-09-21T03:02:18.3984149Z
  Time since last request: 0.0000375 seconds.
  importAddress: GUID: 02fe127be7c987640bef36b78efaf2cf - Path: Assets/Kevin Iglesias/Human Animations/Animations/Male/Movement/Run/HumanM@Run01_BackwardLeft.fbx - Importer: ScriptedImporter/UnityEditor.QuickSearchModule:UnityEditor.Search:ASIAI0B
Importing 'GUID: 02fe127be7c987640bef36b78efaf2cf - Path: Assets/Kevin Iglesias/Human Animations/Animations/Male/Movement/Run/HumanM@Run01_BackwardLeft.fbx - Importer: ScriptedImporter/UnityEditor.QuickSearchModule:UnityEditor.Search:ASIAI0B' with importer (ScriptedImporter : UnityEditor.QuickSearchModule:UnityEditor.Search:ASIAI0B)
Imported 'GUID: 02fe127be7c987640bef36b78efaf2cf' -> (Import Result ID: '87a03cc2b0aa2dc5afe6a0c2e9221f1e') in 0.010 seconds [static and dynamic dependencies]. Details - ImportResultOutputID=9b0bc173a0ce60f5913d63179959c17b DependenciesID=37a4e53134116fb6e7303df8e3a1bdaf StaticDependenciesID=8afcf7754d0e2eee00559ea289a47e4a 
Number of updated asset objects reloaded before import = 0
Number of asset objects unloaded after import = 120
========================================================================
Received Import Request.
  Time of request: 2026-09-21T03:02:18.4210301Z
  Time since last request: 0.0005534 seconds.
  importAddress: GUID: bf3d864026a7e1146a27e29a8626bc69 - Path: Assets/Kevin Iglesias/Human Animations/Animations/Female/Movement/Run/RootMotion/HumanF@Run01_ForwardLeft [RM].fbx - Importer: ScriptedImporter/UnityEditor.QuickSearchModule:UnityEditor.Search:ASIAI0B
Importing 'GUID: bf3d864026a7e1146a27e29a8626bc69 - Path: Assets/Kevin Iglesias/Human Animations/Animations/Female/Movement/Run/RootMotion/HumanF@Run01_ForwardLeft [RM].fbx - Importer: ScriptedImporter/UnityEditor.QuickSearchModule:UnityEditor.Search:ASIAI0B' with importer (ScriptedImporter : UnityEditor.QuickSearchModule:UnityEditor.Search:ASIAI0B)
Imported 'GUID: bf3d864026a7e1146a27e29a8626bc69' -> (Import Result ID: 'df8d143f372192330d70326535091e3d') in 0.008 seconds [static and dynamic dependencies]. Details - ImportResultOutputID=97f1964734fd823dfd7f653b6022bb23 DependenciesID=d8130ff518319ee0803fc0c8c65043d2 StaticDependenciesID=52a0e19482f0010a893239bad7ba5f61 
Number of updated asset objects reloaded before import = 0
Number of asset objects unloaded after import = 120
========================================================================
Received Import Request.
  Time of request: 2026-09-21T03:02:18.4407349Z
  Time since last request: 0.0003277 seconds.
  importAddress: GUID: ca7bf50d255ff5749a3a9ff602076af8 - Path: Assets/Kevin Iglesias/Human Animations/Animations/Male/Movement/Run/HumanM@Run01_BackwardRight.fbx - Importer: ScriptedImporter/UnityEditor.QuickSearchModule:UnityEditor.Search:ASIAI0B
Importing 'GUID: ca7bf50d255ff5749a3a9ff602076af8 - Path: Assets/Kevin Iglesias/Human Animations/Animations/Male/Movement/Run/HumanM@Run01_BackwardRight.fbx - Importer: ScriptedImporter/UnityEditor.QuickSearchModule:UnityEditor.Search:ASIAI0B' with importer (ScriptedImporter : UnityEditor.QuickSearchModule:UnityEditor.Search:ASIAI0B)
Imported 'GUID: ca7bf50d255ff5749a3a9ff602076af8' -> (Import Result ID: 'a68e206d526471303b44cbdcdcd58bd1') in 0.012 seconds [static and dynamic dependencies]. Details - ImportResultOutputID=45e775ffc701d97b9898c3ae0cda4226 DependenciesID=cec52e1c7dd6f7816bcdb652436917d3 StaticDependenciesID=a45ab16c1076e507de0bc049adc3e06a 
Number of updated asset objects reloaded before import = 0
Number of asset objects unloaded after import = 120
========================================================================
Received Import Request.
  Time of request: 2026-09-21T03:02:18.4642751Z
  Time since last request: 0.0001716 seconds.
  importAddress: GUID: 130afe1ea971137458b49086a23aea14 - Path: Assets/Kevin Iglesias/Human Animations/Unity Demo Scenes/Human Basic Motions/Textures/HumanBasicFloor.png - Importer: ScriptedImporter/UnityEditor.QuickSearchModule:UnityEditor.Search:ASIAI0B
Importing 'GUID: 130afe1ea971137458b49086a23aea14 - Path: Assets/Kevin Iglesias/Human Animations/Unity Demo Scenes/Human Basic Motions/Textures/HumanBasicFloor.png - Importer: ScriptedImporter/UnityEditor.QuickSearchModule:UnityEditor.Search:ASIAI0B' with importer (ScriptedImporter : UnityEditor.QuickSearchModule:UnityEditor.Search:ASIAI0B)
Imported 'GUID: 130afe1ea971137458b49086a23aea14' -> (Import Result ID: 'f42a2469f8b8d367d03df9298f10063b') in 0.039 seconds [static and dynamic dependencies]. Details - ImportResultOutputID=f4e37a74114ddfd551c0defd5cc86f98 DependenciesID=d046e59902919c80aa7fade029342a34 StaticDependenciesID=58a1c99df64e1c393c0d9130d5301d4d 
Number of updated asset objects reloaded before import = 0
Number of asset objects unloaded after import = 1
========================================================================
Received Import Request.
  Time of request: 2026-09-21T03:02:18.5149986Z
  Time since last request: 0.0005457 seconds.
  importAddress: GUID: 9259db9271971e54ab8991d4aa53aae2 - Path: Assets/Kevin Iglesias/Human Animations/Animations/Male/Movement/Walk/RootMotion/HumanM@Walk01_Forward [RM].fbx - Importer: ScriptedImporter/UnityEditor.QuickSearchModule:UnityEditor.Search:ASIAI0B
Importing 'GUID: 9259db9271971e54ab8991d4aa53aae2 - Path: Assets/Kevin Iglesias/Human Animations/Animations/Male/Movement/Walk/RootMotion/HumanM@Walk01_Forward [RM].fbx - Importer: ScriptedImporter/UnityEditor.QuickSearchModule:UnityEditor.Search:ASIAI0B' with importer (ScriptedImporter : UnityEditor.QuickSearchModule:UnityEditor.Search:ASIAI0B)
Imported 'GUID: 9259db9271971e54ab8991d4aa53aae2' -> (Import Result ID: '9e9e7162307a155400e50af73a23feff') in 0.007 seconds [static and dynamic dependencies]. Details - ImportResultOutputID=8d0503c2bc2587ba10edd45f7f06dfbd DependenciesID=7e09095628578fcff16cc380ec0608bd StaticDependenciesID=aa4b60d9baa05b01fe460aa2e0e242d9 
Number of updated asset objects reloaded before import = 0
Number of asset objects unloaded after import = 120
========================================================================
Received Import Request.
  Time of request: 2026-09-21T03:02:18.5336699Z
  Time since last request: 0.0004051 seconds.
  importAddress: GUID: 846fff649819bcf49b933d00ef6f703f - Path: Assets/Kevin Iglesias/Human Animations/Animations/Male/Movement/Run/HumanM@Run01_Right.fbx - Importer: ScriptedImporter/UnityEditor.QuickSearchModule:UnityEditor.Search:ASIAI0B
Importing 'GUID: 846fff649819bcf49b933d00ef6f703f - Path: Assets/Kevin Iglesias/Human Animations/Animations/Male/Movement/Run/HumanM@Run01_Right.fbx - Importer: ScriptedImporter/UnityEditor.QuickSearchModule:UnityEditor.Search:ASIAI0B' with importer (ScriptedImporter : UnityEditor.QuickSearchModule:UnityEditor.Search:ASIAI0B)
Imported 'GUID: 846fff649819bcf49b933d00ef6f703f' -> (Import Result ID: '3c2266dfa9c2648fb496016d268776d4') in 0.010 seconds [static and dynamic dependencies]. Details - ImportResultOutputID=92def2cd8b3b74449fa6bbb064070fec DependenciesID=99031b217b3ad3671eb0a11d2e608262 StaticDependenciesID=2073852b6f02cb7e2b25abfef202f39e 
Number of updated asset objects reloaded before import = 0
Number of asset objects unloaded after import = 120
========================================================================
Received Import Request.
  Time of request: 2026-09-21T03:02:18.5564179Z
  Time since last request: 0.0002013 seconds.
  importAddress: GUID: 1b5d2dff97c273541bda936d8c0a376c - Path: Assets/Kevin Iglesias/Human Animations/Unity Demo Scenes/Human Basic Motions/Models - Importer: ScriptedImporter/UnityEditor.QuickSearchModule:UnityEditor.Search:ASIAI0B
Importing 'GUID: 1b5d2dff97c273541bda936d8c0a376c - Path: Assets/Kevin Iglesias/Human Animations/Unity Demo Scenes/Human Basic Motions/Models - Importer: ScriptedImporter/UnityEditor.QuickSearchModule:UnityEditor.Search:ASIAI0B' with importer (ScriptedImporter : UnityEditor.QuickSearchModule:UnityEditor.Search:ASIAI0B)
Imported 'GUID: 1b5d2dff97c273541bda936d8c0a376c' -> (Import Result ID: 'a05a652e87d42b2f1c21b69657c912c2') in 0.002 seconds [static and dynamic dependencies]. Details - ImportResultOutputID=bf960608dccb1a0cf76ba9debccc4dab DependenciesID=0890e17e97b29fafc6284d6f367c8df7 StaticDependenciesID=1d66907a7e498ba99903b072e36dc081 
Number of updated asset objects reloaded before import = 0
Number of asset objects unloaded after import = 1
========================================================================
Received Import Request.
  Time of request: 2026-09-21T03:02:18.5703146Z
  Time since last request: 0.0004036 seconds.
  importAddress: GUID: 7278ad681fe961a49a8889ba9f9d45df - Path: Assets/Kevin Iglesias/Human Animations/Models - Importer: ScriptedImporter/UnityEditor.QuickSearchModule:UnityEditor.Search:ASIAI0B
Importing 'GUID: 7278ad681fe961a49a8889ba9f9d45df - Path: Assets/Kevin Iglesias/Human Animations/Models - Importer: ScriptedImporter/UnityEditor.QuickSearchModule:UnityEditor.Search:ASIAI0B' with importer (ScriptedImporter : UnityEditor.QuickSearchModule:UnityEditor.Search:ASIAI0B)
Imported 'GUID: 7278ad681fe961a49a8889ba9f9d45df' -> (Import Result ID: '950b84db0f2165bbf0423192fe0efb15') in 0.002 seconds [static and dynamic dependencies]. Details - ImportResultOutputID=6f7da7b9b1a31d90097d74076bd76d0b DependenciesID=25701f0d62b834aecff92344695de449 StaticDependenciesID=b331f7d274a77e1f6088e9562f992450 
Number of updated asset objects reloaded before import = 0
Number of asset objects unloaded after import = 1
========================================================================
Received Import Request.
  Time of request: 2026-09-21T03:02:18.5858011Z
  Time since last request: 0.0004217 seconds.
  importAddress: GUID: da2ed2e1aae1da34684fe894590efa54 - Path: Assets/Kevin Iglesias/Human Animations/Animations/Female/Idles/HumanF@Idle02-Idle01.fbx - Importer: ScriptedImporter/UnityEditor.QuickSearchModule:UnityEditor.Search:ASIAI0B
Importing 'GUID: da2ed2e1aae1da34684fe894590efa54 - Path: Assets/Kevin Iglesias/Human Animations/Animations/Female/Idles/HumanF@Idle02-Idle01.fbx - Importer: ScriptedImporter/UnityEditor.QuickSearchModule:UnityEditor.Search:ASIAI0B' with importer (ScriptedImporter : UnityEditor.QuickSearchModule:UnityEditor.Search:ASIAI0B)
Imported 'GUID: da2ed2e1aae1da34684fe894590efa54' -> (Import Result ID: 'b683cf0114ab34b3eaf251b847be1f32') in 0.010 seconds [static and dynamic dependencies]. Details - ImportResultOutputID=4b5bdb88e567d4528304d6251240bc0d DependenciesID=4b1f027d117385029ba3a496ff49857d StaticDependenciesID=cd6369c82989a207e8c52ece0c870b66 
Number of updated asset objects reloaded before import = 0
Number of asset objects unloaded after import = 120
========================================================================
Received Import Request.
  Time of request: 2026-09-21T03:02:18.6075471Z
  Time since last request: 0.0003364 seconds.
  importAddress: GUID: 435a4728904deaf41a2ea8928e6c2c35 - Path: Assets/Kevin Iglesias/Human Animations/Animations/Female/Movement/Run/HumanF@Run01_Left.fbx - Importer: ScriptedImporter/UnityEditor.QuickSearchModule:UnityEditor.Search:ASIAI0B
Importing 'GUID: 435a4728904deaf41a2ea8928e6c2c35 - Path: Assets/Kevin Iglesias/Human Animations/Animations/Female/Movement/Run/HumanF@Run01_Left.fbx - Importer: ScriptedImporter/UnityEditor.QuickSearchModule:UnityEditor.Search:ASIAI0B' with importer (ScriptedImporter : UnityEditor.QuickSearchModule:UnityEditor.Search:ASIAI0B)
Imported 'GUID: 435a4728904deaf41a2ea8928e6c2c35' -> (Import Result ID: 'ddfe173b8774310e1e9c5b213dcd6f0f') in 0.009 seconds [static and dynamic dependencies]. Details - ImportResultOutputID=61c8d629e5728399f89429ab3255c64e DependenciesID=71ef919279b0aae1ce6173558bcce15c StaticDependenciesID=37051b2e0a2bf843805af589b2f863a8 
Number of updated asset objects reloaded before import = 0
Number of asset objects unloaded after import = 120
========================================================================
Received Import Request.
  Time of request: 2026-09-21T03:02:18.6288444Z
  Time since last request: 0.0001511 seconds.
  importAddress: GUID: 31116f689ea4d374593385937d990c7c - Path: Assets/Kevin Iglesias/Human Animations/Animations/Male/Movement/Run/RootMotion/HumanM@Run01_Backward [RM].fbx - Importer: ScriptedImporter/UnityEditor.QuickSearchModule:UnityEditor.Search:ASIAI0B
Importing 'GUID: 31116f689ea4d374593385937d990c7c - Path: Assets/Kevin Iglesias/Human Animations/Animations/Male/Movement/Run/RootMotion/HumanM@Run01_Backward [RM].fbx - Importer: ScriptedImporter/UnityEditor.QuickSearchModule:UnityEditor.Search:ASIAI0B' with importer (ScriptedImporter : UnityEditor.QuickSearchModule:UnityEditor.Search:ASIAI0B)
Imported 'GUID: 31116f689ea4d374593385937d990c7c' -> (Import Result ID: '1c49c36214fb380765cc9f4b338468a5') in 0.009 seconds [static and dynamic dependencies]. Details - ImportResultOutputID=2c3e2b7f3ca6da93908c4835e470b630 DependenciesID=526de22122623006faf574a84098e7d1 StaticDependenciesID=61e592539e956574cd6a084bfd0e28ac 
Number of updated asset objects reloaded before import = 0
Number of asset objects unloaded after import = 120
========================================================================
Received Import Request.
  Time of request: 2026-09-21T03:02:18.6493428Z
  Time since last request: 0.0001054 seconds.
  importAddress: GUID: ab147e0813d61eb439be75037830be27 - Path: Assets/Kevin Iglesias/Human Animations/Animations/Female/Movement/Walk/RootMotion/HumanF@Walk01_BackwardLeft [RM].fbx - Importer: ScriptedImporter/UnityEditor.QuickSearchModule:UnityEditor.Search:ASIAI0B
Importing 'GUID: ab147e0813d61eb439be75037830be27 - Path: Assets/Kevin Iglesias/Human Animations/Animations/Female/Movement/Walk/RootMotion/HumanF@Walk01_BackwardLeft [RM].fbx - Importer: ScriptedImporter/UnityEditor.QuickSearchModule:UnityEditor.Search:ASIAI0B' with importer (ScriptedImporter : UnityEditor.QuickSearchModule:UnityEditor.Search:ASIAI0B)
Imported 'GUID: ab147e0813d61eb439be75037830be27' -> (Import Result ID: 'aa729d07f491f61cfec3120599a365dc') in 0.008 seconds [static and dynamic dependencies]. Details - ImportResultOutputID=c34f59d0d5b741a3360d18bbc147cae5 DependenciesID=79c7b383810672e988572755e903d60f StaticDependenciesID=86705ff1ad183c05863ded8040969dd3 
Number of updated asset objects reloaded before import = 0
Number of asset objects unloaded after import = 120
========================================================================
Received Import Request.
  Time of request: 2026-09-21T03:02:18.668318Z
  Time since last request: 0.0000208 seconds.
  importAddress: GUID: 5e9b37dd2b8b41648a4731a21c853b2f - Path: Assets/Kevin Iglesias/Human Animations/Animations/Masked Poses/Human@HandsClosed01.fbx - Importer: ScriptedImporter/UnityEditor.QuickSearchModule:UnityEditor.Search:ASIAI0B
Importing 'GUID: 5e9b37dd2b8b41648a4731a21c853b2f - Path: Assets/Kevin Iglesias/Human Animations/Animations/Masked Poses/Human@HandsClosed01.fbx - Importer: ScriptedImporter/UnityEditor.QuickSearchModule:UnityEditor.Search:ASIAI0B' with importer (ScriptedImporter : UnityEditor.QuickSearchModule:UnityEditor.Search:ASIAI0B)
Imported 'GUID: 5e9b37dd2b8b41648a4731a21c853b2f' -> (Import Result ID: '9ff54f564f7e4bde1579c26bb29110d4') in 0.007 seconds [static and dynamic dependencies]. Details - ImportResultOutputID=d04aef96ab47b3b82ecb970b46e99c1a DependenciesID=53b47a7e1c7b3f74594de55c711eaff9 StaticDependenciesID=85da0f7738d12a61c0182e35e81889db 
Number of updated asset objects reloaded before import = 0
Number of asset objects unloaded after import = 120
========================================================================
Received Import Request.
  Time of request: 2026-09-21T03:02:18.6848514Z
  Time since last request: 0.0002435 seconds.
  importAddress: GUID: 1c3a6282a5507e9439ab8d4787dd80c5 - Path: Assets/Kevin Iglesias/Human Animations/Animations/Male/Movement/Walk/RootMotion/HumanM@Walk01_ForwardLeft [RM].fbx - Importer: ScriptedImporter/UnityEditor.QuickSearchModule:UnityEditor.Search:ASIAI0B
Importing 'GUID: 1c3a6282a5507e9439ab8d4787dd80c5 - Path: Assets/Kevin Iglesias/Human Animations/Animations/Male/Movement/Walk/RootMotion/HumanM@Walk01_ForwardLeft [RM].fbx - Importer: ScriptedImporter/UnityEditor.QuickSearchModule:UnityEditor.Search:ASIAI0B' with importer (ScriptedImporter : UnityEditor.QuickSearchModule:UnityEditor.Search:ASIAI0B)
Imported 'GUID: 1c3a6282a5507e9439ab8d4787dd80c5' -> (Import Result ID: '09b53ca5957ca74303f790c5be0269ab') in 0.008 seconds [static and dynamic dependencies]. Details - ImportResultOutputID=62f721217dcc5c936fb6777cf753fcc2 DependenciesID=dfacf1a7cd7ae1162a98034dbf143e56 StaticDependenciesID=86412e4f57020e7a5ae2dcfc3c8a3533 
Number of updated asset objects reloaded before import = 0
Number of asset objects unloaded after import = 120
========================================================================
Received Import Request.
  Time of request: 2026-09-21T03:02:18.7024961Z
  Time since last request: 0.0002294 seconds.
  importAddress: GUID: e64c16a1da5b84c4488d02899ba2e527 - Path: Assets/Kevin Iglesias/Human Animations/Scripts - Importer: ScriptedImporter/UnityEditor.QuickSearchModule:UnityEditor.Search:ASIAI0B
Importing 'GUID: e64c16a1da5b84c4488d02899ba2e527 - Path: Assets/Kevin Iglesias/Human Animations/Scripts - Importer: ScriptedImporter/UnityEditor.QuickSearchModule:UnityEditor.Search:ASIAI0B' with importer (ScriptedImporter : UnityEditor.QuickSearchModule:UnityEditor.Search:ASIAI0B)
Imported 'GUID: e64c16a1da5b84c4488d02899ba2e527' -> (Import Result ID: '2766be72938d6879bf39ea2b6dd2d374') in 0.002 seconds [static and dynamic dependencies]. Details - ImportResultOutputID=512896ca0a1767f4d6d7ce3755edd02b DependenciesID=cd6898e0d0ae3c2604a0596e9d6ae9ba StaticDependenciesID=c1dcdf5bab3499c2d056c3be79a03ebc 
Number of updated asset objects reloaded before import = 0
Number of asset objects unloaded after import = 1
========================================================================
Received Import Request.
  Time of request: 2026-09-21T03:02:19.9231462Z
  Time since last request: 1.2080155 seconds.
  importAddress: GUID: 5bc7be1375e13164493964be710a5695 - Path: Assets/3D object/New Material.mat - Importer: PreviewImporter
Importing 'GUID: 5bc7be1375e13164493964be710a5695 - Path: Assets/3D object/New Material.mat - Importer: PreviewImporter' with importer (PreviewImporter)
Imported 'GUID: 5bc7be1375e13164493964be710a5695' -> (Import Result ID: 'e83bfc14e127b72d0b90c8804197bc8f') in 0.411 seconds [static and dynamic dependencies]. Details - ImportResultOutputID=b25dd0585b7046f1ce329f8f9c2525fc DependenciesID=00e6b24d73bf8f0f4d63e4c881db32fe StaticDependenciesID=2a9ea12444160e28b11f6c711dd56246 
Number of updated asset objects reloaded before import = 0
Number of asset objects unloaded after import = 4
========================================================================
Received Import Request.
  Time of request: 2026-09-21T03:02:20.9178715Z
  Time since last request: 0.5735953 seconds.
  importAddress: GUID: 5bc7be1375e13164493964be710a5695 - Path: Assets/3D object/New Material.mat - Importer: ScriptedImporter/UnityEditor.QuickSearchModule:UnityEditor.Search:ASIAI0B
Importing 'GUID: 5bc7be1375e13164493964be710a5695 - Path: Assets/3D object/New Material.mat - Importer: ScriptedImporter/UnityEditor.QuickSearchModule:UnityEditor.Search:ASIAI0B' with importer (ScriptedImporter : UnityEditor.QuickSearchModule:UnityEditor.Search:ASIAI0B)
Imported 'GUID: 5bc7be1375e13164493964be710a5695' -> (Import Result ID: '0e479546aa78883ecaa20855bbad2acc') in 0.004 seconds [static and dynamic dependencies]. Details - ImportResultOutputID=dc076a5d19e31f5e1cc494701609f717 DependenciesID=745e7a62ce3e6f5c7bf127645c2b7f32 StaticDependenciesID=c80fc74e875b4ba3e05154cb90afbacf 
Number of updated asset objects reloaded before import = 0
Number of asset objects unloaded after import = 2
========================================================================
Received Prepare
AcceleratorClientConnectionCallback - disconnected - :0
Unloading 60 Unused Serialized files (Serialized files now loaded: 0)
Unloading 60 unused Assets / (5.4 MB). Loaded Objects now: 7629.
Memory consumption went from 363.7 MB to 358.3 MB.
Total: 9.433200 ms (FindLiveObjects: 0.808700 ms CreateObjectMapping: 0.172000 ms MarkObjects: 6.947400 ms  DeleteObjects: 1.235700 ms)

Prepare: number of updated asset objects reloaded= 0
Editor requested this worker to shutdown with reason: Editor is closing down
AcceleratorClientConnectionCallback - disconnected - :0
AssetImportWorker is now disconnected from the server
Process exiting
[ExitDontLaunchBugReporter] Exiting without the bug reporter. Application will exit with return code 0
