VBCSCompilerPreWarmer: pre-warm launched (dotnet PID 10412)
VBCSCompiler prewarm took 4.60 ms
[Licensing::Module] Trying to connect to existing licensing client channel...
Built from '6000.6/respin/6000.6.0f1-fa21a270ab12' branch; Version is '6000.6.0f1 (f7f8ed4d1e24) revision 16251117'; Using compiler version '194234433'; Build Type 'Release'
[Licensing::IpcConnector] Successfully connected to: "LicenseClient-CS2025" at "2026-09-21T03:23:04.1693565Z"
OS: 'Windows 11  (10.0.22631) Enterprise' Language: 'zh' Physical Memory: 16053 MB
BatchMode: 0, IsHumanControllingUs: 1, StartBugReporterOnCrash: 1, Is64bit: 1
System  architecture: x64
Process architecture: x64
Date: 2026-09-21T03:23:04Z
[Licensing::Client] Code 10 while verifying Licensing Client signature (process Id: 7004, path: "C:/Program Files/Unity Hub/UnityLicensingClient_V1/Unity.Licensing.Client.exe")
[Licensing::Module] LicensingClient has failed validation; ignoring
[Licensing::Client] Handshaking with LicensingClient:
  Version:                 1.18.3+d7ffd15
  Session Id:              67b87162dcea45179af9d85d3b1ef615
  Correlation Id:          2fda475f26dd7829e6f2fb15020aba27
  External correlation Id: 3036627693193324750
  Machine Id:              oyhdFeAdCaeIokcTrryjiu2Q/Ro=
[Licensing::Module] Successfully connected to LicensingClient on channel: "LicenseClient-CS2025" (connect: 0.00s, validation: 0.00s, handshake: 0.07s)
[Licensing::IpcConnector] Successfully connected to: "LicenseClient-CS2025-notifications" at "2026-09-21T03:23:04.2425564Z"
[Licensing::Client] Successfully updated the access token
[Licensing::Module] Successfully updated the access token x5nDOfmrFH...
[Licensing::Client] Successfully resolved entitlement details
[Licensing::Module] License group:
  Id: ewogICJzdWJzR3JvdXAiIDogInVuaXR5IGVkaXRvciIsCiAgIm5hbWVzcGFjZSIgOiAidW5pdHlfZWRpdG9yIiwKICAidHlwZSIgOiAiRURJVE9SIiwKICAidGFnIiA6ICJVbml0eVBlcnNvbmFsXXXX
  Product: Unity Personal Version
  Type: Assigned
  Expiration: Unlimited
[Licensing::Client] Successfully updated license, isAsync: True, time: 0.00
[Licensing::Client] Successfully resolved entitlement details
[Licensing::Module] Licensing Background thread has ended after 0.08s

COMMAND LINE ARGUMENTS:
C:\Program Files\Unity\Hub\Editor\6000.6.0f1\Editor\Unity.exe
-projectpath
C:\Users\CS2024\1151VR-HW1-414261498-陳宥元
-acceptSoftwareTermsForThisRunOnly
-useHub
-hubIPC
-cloudEnvironment
production
-licensingIpc
LicenseClient-CS2025
-hubSessionId
1f08191c-bd18-414c-a25e-d16d0d876a26
-accessToken
x5nDOfmrFHd-9if7BGC93jRUqrTgxJwtKqI_-Fk_0lA01ef
Successfully changed project path to: C:\Users\CS2024\1151VR-HW1-414261498-陳宥元
C:/Users/CS2024/1151VR-HW1-414261498-陳宥元
[UnityMemory] Configuration Parameters - Can be set up in boot.config
    "memorysetup-temp-allocator-size-gi-baking-worker=262144"
    "memorysetup-temp-allocator-size-gi-baking-worker=262144"
    "memorysetup-temp-allocator-size-gi-baking-worker=262144"
    "memorysetup-temp-allocator-size-gi-baking-worker=262144"
    "memorysetup-temp-allocator-size-gi-baking-worker=262144"
    "memorysetup-temp-allocator-size-nav-mesh-worker=65536"
    "memorysetup-temp-allocator-size-audio-worker=65536"
    "memorysetup-temp-allocator-size-cloud-worker=32768"
    "memorysetup-temp-allocator-size-gfx=262144"
    "memorysetup-remapper-allocator-initial-capacity=32768"
    "memorysetup-temp-allocator-size-preload-manager=33554432"
    "memorysetup-allocator-temp-initial-block-size-main=262144"
    "memorysetup-allocator-temp-initial-block-size-worker=262144"
    "memorysetup-temp-allocator-size-job-worker=262144"
    "memorysetup-temp-allocator-size-background-worker=32768"
    "memorysetup-bucket-allocator-granularity=16"
    "memorysetup-bucket-allocator-bucket-count=8"
    "memorysetup-bucket-allocator-block-size=33554432"
    "memorysetup-bucket-allocator-block-count=8"
    "memorysetup-main-allocator-block-size=16777216"
    "memorysetup-thread-allocator-block-size=16777216"
    "memorysetup-main-allocator-mimalloc-enabled=1"
    "memorysetup-gfx-main-allocator-block-size=16777216"
    "memorysetup-gfx-thread-allocator-block-size=16777216"
    "memorysetup-cache-allocator-block-size=4194304"
    "memorysetup-typetree-allocator-block-size=2097152"
    "memorysetup-profiler-bucket-allocator-granularity=16"
    "memorysetup-profiler-bucket-allocator-bucket-count=8"
    "memorysetup-profiler-bucket-allocator-block-size=33554432"
    "memorysetup-profiler-bucket-allocator-block-count=8"
    "memorysetup-profiler-allocator-block-size=16777216"
    "memorysetup-profiler-editor-allocator-block-size=1048576"
    "memorysetup-temp-allocator-size-main=16777216"
    "memorysetup-job-temp-allocator-block-size=2097152"
    "memorysetup-job-temp-allocator-block-size-background=1048576"
    "memorysetup-job-temp-allocator-reduction-small-platforms=262144"
Player connection [2052]  Target information:

Player connection [2052]  * "[IP] 140.136.150.22 [Port] 55504 [Flags] 2 [Guid] 4229642534 [EditorId] 4229642534 [Version] 1048832 [Id] WindowsEditor(7,PC22) [Debug] 1 [PackageName] WindowsEditor [ProjectName] Editor" 

Player connection [2052]  * "[IP] 192.168.56.1 [Port] 55504 [Flags] 2 [Guid] 4229642534 [EditorId] 4229642534 [Version] 1048832 [Id] WindowsEditor(7,PC22) [Debug] 1 [PackageName] WindowsEditor [ProjectName] Editor" 

Player connection [2052]  * "[IP] 192.168.53.1 [Port] 55504 [Flags] 2 [Guid] 4229642534 [EditorId] 4229642534 [Version] 1048832 [Id] WindowsEditor(7,PC22) [Debug] 1 [PackageName] WindowsEditor [ProjectName] Editor" 

Player connection [2052]  * "[IP] 192.168.45.1 [Port] 55504 [Flags] 2 [Guid] 4229642534 [EditorId] 4229642534 [Version] 1048832 [Id] WindowsEditor(7,PC22) [Debug] 1 [PackageName] WindowsEditor [ProjectName] Editor" 

Player connection [2052] Host joined multi-casting on [225.0.0.222:54997]...
Player connection [2052] Host joined alternative multi-casting on [225.0.0.222:34997]...
Input System module state changed to: Initialized.
[Physics::Module] Initialized fallback backend.
[Physics::Module] Id: 0xdecafbad
[Package Manager] Connected to IPC stream "Upm-16864" after 0.2 seconds.
[Licensing::Client] Successfully resolved entitlement details
Library Redirect Path: Library/
Initialising UDS system complete:
  - System type: Client
  - Resource namespace: 72487b62e09863a88008062e59f9a196
  - Shared memory size: 1073741824
  - Command buffer id: 1052576
  - Command buffer size: 8192
  - Hashmap size: 4194304
  - Service connected: false
Launching Unity Data Store - C:/Program Files/Unity/Hub/Editor/6000.6.0f1/Editor/Data/Tools/Unity.DataStore.exe 
Unity Data Store artifact dir = Library/DataStore, working dir = C:/Users/CS2024/1151VR-HW1-414261498-陳宥元[Physics::Module] Selected backend.
[Physics::Module] Name: PhysX
[Physics::Module] Id: 0xf2b8ea05
[Physics::Module] SDK Version: 4.1.2
[Physics::Module] Integration Version: 1.0.0
[Physics::Module] Threading Mode: Multi-Threaded
Unity Data Store running and initialised
Initialize engine version: 6000.6.0f1 (f7f8ed4d1e24)
[EntityIdStore] init: VM path (explicit commit), pageSize=4096, blockCount=1048576, entitiesPerBlock=256, slots reserved=4294967296 bytes
[Subsystems] Discovering subsystems at path C:/Program Files/Unity/Hub/Editor/6000.6.0f1/Editor/Data/Resources/UnitySubsystems
[Subsystems] Discovering subsystems at path C:/Users/CS2024/1151VR-HW1-414261498-陳宥元/Assets
GfxDevice: creating device client; kGfxThreadingModeThreaded
Direct3D:
    Version:  Direct3D 11.0 [level 11.1]
    Renderer: Intel(R) UHD Graphics 770 (ID=0x4680)
    Vendor:   Intel
    VRAM:     8026 MB
    Driver:   32.0.101.7077
Initialize mono
Mono path[0] = 'C:/Program Files/Unity/Hub/Editor/6000.6.0f1/Editor/Data/Managed'
Mono path[1] = 'C:/Program Files/Unity/Hub/Editor/6000.6.0f1/Editor/Data/BCLExtensions/runtime/netstandard2.1'
Mono path[2] = 'C:/Program Files/Unity/Hub/Editor/6000.6.0f1/Editor/Data/MonoBleedingEdge/lib/mono/unityjit-win32'
Mono config path = 'C:/Program Files/Unity/Hub/Editor/6000.6.0f1/Editor/Data/MonoBleedingEdge/etc'
Using monoOptions --debugger-agent=transport=dt_socket,embedding=1,server=y,suspend=n,address=127.0.0.1:56864
CodeReloadManager initialized
ImportWorker Server TCP listen port: 0
AcceleratorClientConnectionCallback - disconnected - :0
Begin MonoManager ReloadAssembly
Registering precompiled unity dll's ...
Register platform support module: C:/Program Files/Unity/Hub/Editor/6000.6.0f1/Editor/Data/PlaybackEngines/WebGLSupport/UnityEditor.WebGL.Extensions.dll
Register platform support module: C:/Program Files/Unity/Hub/Editor/6000.6.0f1/Editor/Data/PlaybackEngines/WindowsStandaloneSupport/UnityEditor.WindowsStandalone.Extensions.dll
[Licensing::Client] Successfully resolved entitlement details
Register platform support module: C:/Program Files/Unity/Hub/Editor/6000.6.0f1/Editor/Data/PlaybackEngines/MetroSupport/UnityEditor.UWP.Extensions.dll
Registered in 0.388282 seconds.
Native extension for UWP target not found
Native extension for WindowsStandalone target not found
Native extension for WebGL target not found
Package Manager log level set to [2]
ScheduleIndexationOnStartup MainProcess:False IndexOnStartup:True
Scripting: successfully reloaded assembly
- Finished resetting the current domain, in  2.181 seconds
Domain Reload Profiling: 4299ms
	BeginReloadAssembly (237ms)
		CreateAndSetChildDomain (11ms)
	RebuildCommonClasses (4ms)
	RebuildNativeTypeToScriptingClass (148ms)
	initialDomainReloadingComplete (525ms)
	LoadAllAssembliesAndSetupDomain (1202ms)
		LoadAssemblies (239ms)
		TypeCache.Refresh (1093ms)
			TypeCache.ScanAssembly (920ms)
		AnalyzeDomain (0ms)
	FinalizeReload (2182ms)
		SetupLoadedEditorAssemblies (0ms)
			InitializePlatformSupportModulesInManaged (40ms)
			BeforeProcessingInitializeOnLoad (92ms)
			ProcessInitializeOnLoadAttributes (92ms)
			ProcessInitializeOnLoadMethodAttributes (1339ms)
[Licensing::Client] Successfully resolved entitlement details
Application.AssetDatabase Initial Refresh Start
[Package Manager] Restoring resolved packages state from cache
[Licensing::Client] Successfully resolved entitlement details
[Package Manager] Registered 59 packages:
  Packages from [https://packages.unity.com]:
    com.unity.ai.navigation@2.0.14 (location: C:\Users\CS2024\1151VR-HW1-414261498-陳宥元\Library\PackageCache\com.unity.ai.navigation@134dd6a3b97b)
    com.unity.collab-proxy@2.13.6 (location: C:\Users\CS2024\1151VR-HW1-414261498-陳宥元\Library\PackageCache\com.unity.collab-proxy@4628d2ba6ea4)
    com.unity.ide.rider@3.0.38 (location: C:\Users\CS2024\1151VR-HW1-414261498-陳宥元\Library\PackageCache\com.unity.ide.rider@1f60b3138684)
    com.unity.ide.visualstudio@2.0.26 (location: C:\Users\CS2024\1151VR-HW1-414261498-陳宥元\Library\PackageCache\com.unity.ide.visualstudio@a99d56dec63f)
    com.unity.inputsystem@1.20.0 (location: C:\Users\CS2024\1151VR-HW1-414261498-陳宥元\Library\PackageCache\com.unity.inputsystem@7a4e1a2a8194)
    com.unity.visualscripting@1.9.12 (location: C:\Users\CS2024\1151VR-HW1-414261498-陳宥元\Library\PackageCache\com.unity.visualscripting@4edfcc09512f)
    com.unity.searcher@4.9.5 (location: C:\Users\CS2024\1151VR-HW1-414261498-陳宥元\Library\PackageCache\com.unity.searcher@a463122f2c00)
    com.unity.profiling.core@1.0.3 (location: C:\Users\CS2024\1151VR-HW1-414261498-陳宥元\Library\PackageCache\com.unity.profiling.core@8a49f7027d06)
    com.unity.nuget.mono-cecil@1.11.6 (location: C:\Users\CS2024\1151VR-HW1-414261498-陳宥元\Library\PackageCache\com.unity.nuget.mono-cecil@ecb9724e46ff)
  Built-in packages:
    com.unity.render-pipelines.universal@17.6.0 (location: C:\Users\CS2024\1151VR-HW1-414261498-陳宥元\Library\PackageCache\com.unity.render-pipelines.universal@8457e85b8184)
    com.unity.test-framework@1.8.0 (location: C:\Users\CS2024\1151VR-HW1-414261498-陳宥元\Library\PackageCache\com.unity.test-framework@7a3849e09bd0)
    com.unity.timeline@6.6.0 (location: C:\Users\CS2024\1151VR-HW1-414261498-陳宥元\Library\PackageCache\com.unity.timeline@281d5f7e7d7d)
    com.unity.ugui@2.6.0 (location: C:\Users\CS2024\1151VR-HW1-414261498-陳宥元\Library\PackageCache\com.unity.ugui@23caec89ae27)
    com.unity.modules.accessibility@1.0.0 (location: C:\Users\CS2024\1151VR-HW1-414261498-陳宥元\Library\PackageCache\com.unity.modules.accessibility)
    com.unity.modules.adaptiveperformance@1.0.0 (location: C:\Users\CS2024\1151VR-HW1-414261498-陳宥元\Library\PackageCache\com.unity.modules.adaptiveperformance)
    com.unity.modules.ai@1.0.0 (location: C:\Users\CS2024\1151VR-HW1-414261498-陳宥元\Library\PackageCache\com.unity.modules.ai)
    com.unity.modules.androidjni@1.0.0 (location: C:\Users\CS2024\1151VR-HW1-414261498-陳宥元\Library\PackageCache\com.unity.modules.androidjni)
    com.unity.modules.animation@1.0.0 (location: C:\Users\CS2024\1151VR-HW1-414261498-陳宥元\Library\PackageCache\com.unity.modules.animation)
    com.unity.modules.assetbundle@1.0.0 (location: C:\Users\CS2024\1151VR-HW1-414261498-陳宥元\Library\PackageCache\com.unity.modules.assetbundle)
    com.unity.modules.audio@1.0.0 (location: C:\Users\CS2024\1151VR-HW1-414261498-陳宥元\Library\PackageCache\com.unity.modules.audio)
    com.unity.modules.cloth@1.0.0 (location: C:\Users\CS2024\1151VR-HW1-414261498-陳宥元\Library\PackageCache\com.unity.modules.cloth)
    com.unity.modules.director@1.0.0 (location: C:\Users\CS2024\1151VR-HW1-414261498-陳宥元\Library\PackageCache\com.unity.modules.director)
    com.unity.modules.imageconversion@1.0.0 (location: C:\Users\CS2024\1151VR-HW1-414261498-陳宥元\Library\PackageCache\com.unity.modules.imageconversion)
    com.unity.modules.imgui@1.0.0 (location: C:\Users\CS2024\1151VR-HW1-414261498-陳宥元\Library\PackageCache\com.unity.modules.imgui)
    com.unity.modules.jsonserialize@1.0.0 (location: C:\Users\CS2024\1151VR-HW1-414261498-陳宥元\Library\PackageCache\com.unity.modules.jsonserialize)
    com.unity.modules.particlesystem@1.0.0 (location: C:\Users\CS2024\1151VR-HW1-414261498-陳宥元\Library\PackageCache\com.unity.modules.particlesystem)
    com.unity.modules.physics@1.0.0 (location: C:\Users\CS2024\1151VR-HW1-414261498-陳宥元\Library\PackageCache\com.unity.modules.physics)
    com.unity.modules.physics2d@1.0.0 (location: C:\Users\CS2024\1151VR-HW1-414261498-陳宥元\Library\PackageCache\com.unity.modules.physics2d)
    com.unity.modules.physicscore2d@1.0.0 (location: C:\Users\CS2024\1151VR-HW1-414261498-陳宥元\Library\PackageCache\com.unity.modules.physicscore2d)
    com.unity.modules.screencapture@1.0.0 (location: C:\Users\CS2024\1151VR-HW1-414261498-陳宥元\Library\PackageCache\com.unity.modules.screencapture)
    com.unity.modules.terrain@1.0.0 (location: C:\Users\CS2024\1151VR-HW1-414261498-陳宥元\Library\PackageCache\com.unity.modules.terrain)
    com.unity.modules.terrainphysics@1.0.0 (location: C:\Users\CS2024\1151VR-HW1-414261498-陳宥元\Library\PackageCache\com.unity.modules.terrainphysics)
    com.unity.modules.tetgen@1.0.0 (location: C:\Users\CS2024\1151VR-HW1-414261498-陳宥元\Library\PackageCache\com.unity.modules.tetgen)
    com.unity.modules.tilemap@1.0.0 (location: C:\Users\CS2024\1151VR-HW1-414261498-陳宥元\Library\PackageCache\com.unity.modules.tilemap)
    com.unity.modules.timelinefoundation@1.0.0 (location: C:\Users\CS2024\1151VR-HW1-414261498-陳宥元\Library\PackageCache\com.unity.modules.timelinefoundation)
    com.unity.modules.ui@1.0.0 (location: C:\Users\CS2024\1151VR-HW1-414261498-陳宥元\Library\PackageCache\com.unity.modules.ui)
    com.unity.modules.uielements@1.0.0 (location: C:\Users\CS2024\1151VR-HW1-414261498-陳宥元\Library\PackageCache\com.unity.modules.uielements)
    com.unity.modules.umbra@1.0.0 (location: C:\Users\CS2024\1151VR-HW1-414261498-陳宥元\Library\PackageCache\com.unity.modules.umbra)
    com.unity.modules.unityanalytics@1.0.0 (location: C:\Users\CS2024\1151VR-HW1-414261498-陳宥元\Library\PackageCache\com.unity.modules.unityanalytics)
    com.unity.modules.unitywebrequest@1.0.0 (location: C:\Users\CS2024\1151VR-HW1-414261498-陳宥元\Library\PackageCache\com.unity.modules.unitywebrequest)
    com.unity.modules.unitywebrequestassetbundle@1.0.0 (location: C:\Users\CS2024\1151VR-HW1-414261498-陳宥元\Library\PackageCache\com.unity.modules.unitywebrequestassetbundle)
    com.unity.modules.unitywebrequestaudio@1.0.0 (location: C:\Users\CS2024\1151VR-HW1-414261498-陳宥元\Library\PackageCache\com.unity.modules.unitywebrequestaudio)
    com.unity.modules.unitywebrequesttexture@1.0.0 (location: C:\Users\CS2024\1151VR-HW1-414261498-陳宥元\Library\PackageCache\com.unity.modules.unitywebrequesttexture)
    com.unity.modules.unitywebrequestwww@1.0.0 (location: C:\Users\CS2024\1151VR-HW1-414261498-陳宥元\Library\PackageCache\com.unity.modules.unitywebrequestwww)
    com.unity.modules.vectorgraphics@1.0.0 (location: C:\Users\CS2024\1151VR-HW1-414261498-陳宥元\Library\PackageCache\com.unity.modules.vectorgraphics)
    com.unity.modules.vehicles@1.0.0 (location: C:\Users\CS2024\1151VR-HW1-414261498-陳宥元\Library\PackageCache\com.unity.modules.vehicles)
    com.unity.modules.video@1.0.0 (location: C:\Users\CS2024\1151VR-HW1-414261498-陳宥元\Library\PackageCache\com.unity.modules.video)
    com.unity.modules.wind@1.0.0 (location: C:\Users\CS2024\1151VR-HW1-414261498-陳宥元\Library\PackageCache\com.unity.modules.wind)
    com.unity.modules.xr@1.0.0 (location: C:\Users\CS2024\1151VR-HW1-414261498-陳宥元\Library\PackageCache\com.unity.modules.xr)
    com.unity.modules.subsystems@1.0.0 (location: C:\Users\CS2024\1151VR-HW1-414261498-陳宥元\Library\PackageCache\com.unity.modules.subsystems)
    com.unity.modules.hierarchycore@1.0.0 (location: C:\Users\CS2024\1151VR-HW1-414261498-陳宥元\Library\PackageCache\com.unity.modules.hierarchycore)
    com.unity.ext.nunit@2.1.0 (location: C:\Users\CS2024\1151VR-HW1-414261498-陳宥元\Library\PackageCache\com.unity.ext.nunit@0198eae3b53e)
    com.unity.render-pipelines.core@17.6.0 (location: C:\Users\CS2024\1151VR-HW1-414261498-陳宥元\Library\PackageCache\com.unity.render-pipelines.core@2d66c71e606e)
    com.unity.shadergraph@17.6.0 (location: C:\Users\CS2024\1151VR-HW1-414261498-陳宥元\Library\PackageCache\com.unity.shadergraph@ef6135652377)
    com.unity.render-pipelines.universal-config@17.6.0 (location: C:\Users\CS2024\1151VR-HW1-414261498-陳宥元\Library\PackageCache\com.unity.render-pipelines.universal-config@561422b74439)
    com.unity.graph-authoring@1.0.0 (location: C:\Users\CS2024\1151VR-HW1-414261498-陳宥元\Library\PackageCache\com.unity.graph-authoring@cfd2588851ee)
    com.unity.burst@2.0.0 (location: C:\Users\CS2024\1151VR-HW1-414261498-陳宥元\Library\PackageCache\com.unity.burst@626e66ab421b)
    com.unity.collections@6.6.0 (location: C:\Users\CS2024\1151VR-HW1-414261498-陳宥元\Library\PackageCache\com.unity.collections@10fff0607388)
    com.unity.test-framework.performance@6.6.0 (location: C:\Users\CS2024\1151VR-HW1-414261498-陳宥元\Library\PackageCache\com.unity.test-framework.performance@0a60b857a52e)
[Subsystems] No new subsystems found in resolved package list.
[Package Manager] Done registering packages in 0.01 seconds
Starting: C:\Program Files\Unity\Hub\Editor\6000.6.0f1\Editor\Data\Tools\BuildPipeline\bee_backend.exe --ipc --defer-dag-verification --dagfile="Library/Bee/1900b0aE.dag" --continue-on-failure --profile="Library/Bee/backend1.traceevents" ScriptAssemblies
WorkingDir: C:/Users/CS2024/1151VR-HW1-414261498-陳宥元
warn: Unity.ILPP.Runner.PostProcessingAssemblyLoadContext[0]
      Assembly system.runtime.interopservices.windowsruntime has duplicate hint path. Ignoring "C:\Program Files\Unity\Hub\Editor\6000.6.0f1\Editor\Data\UnityReferenceAssemblies\unity-4.8-api\Facades\System.Runtime.InteropServices.WindowsRuntime.dll" in favor of "C:\Program Files\Unity\Hub\Editor\6000.6.0f1\Editor\Data\NetStandard\Extensions\2.0.0\System.Runtime.InteropServices.WindowsRuntime.dll"
warn: Unity.ILPP.Runner.PostProcessingAssemblyLoadContext[0]
      Assembly system.componentmodel.composition has duplicate hint path. Ignoring "C:\Program Files\Unity\Hub\Editor\6000.6.0f1\Editor\Data\UnityReferenceAssemblies\unity-4.8-api\System.ComponentModel.Composition.dll" in favor of "C:\Program Files\Unity\Hub\Editor\6000.6.0f1\Editor\Data\NetStandard\compat\2.1.0\shims\netfx\System.ComponentModel.Composition.dll"
ExitCode: 0 Duration: 0s472ms
[757/971    0s] ILPP-Configuration Library/ilpp-configuration.nevergeneratedoutput
*** Tundra build success (0.44 seconds), 1 items updated, 971 evaluated
AssetDatabase: script compilation time: 1.255551s
Total cache size 99344444
Total cache size after purge 99344444, took 00:00:00.0834094
Begin MonoManager ReloadAssembly
'Packages/com.unity.render-pipelines.core/Editor/Deprecated.cs' contains partial class of Unity.Object, exactly 1 of the partial classes needs to be in a file with the same filename. This is to know the one that can be referenced from ie. GameObjects
'Packages/com.unity.render-pipelines.core/Editor/Deprecated.cs' contains partial class of Unity.Object, exactly 1 of the partial classes needs to be in a file with the same filename. This is to know the one that can be referenced from ie. GameObjects
Native extension for UWP target not found
Native extension for WindowsStandalone target not found
Native extension for WebGL target not found
ScheduleIndexationOnStartup MainProcess:True IndexOnStartup:True
Scripting: successfully reloaded assembly
- Finished resetting the current domain, in  1.014 seconds
Domain Reload Profiling: 3096ms
	BeginReloadAssembly (190ms)
		DisableScriptedObjects (25ms)
		CreateAndSetChildDomain (33ms)
	RebuildCommonClasses (7ms)
	RebuildNativeTypeToScriptingClass (12ms)
	initialDomainReloadingComplete (49ms)
	LoadAllAssembliesAndSetupDomain (1823ms)
		LoadAssemblies (1555ms)
		TypeCache.Refresh (156ms)
			TypeCache.ScanAssembly (144ms)
		AnalyzeDomain (66ms)
			BuildScriptInfoCaches (58ms)
			ResolveRequiredComponents (7ms)
	FinalizeReload (1015ms)
		SetupLoadedEditorAssemblies (0ms)
			InitializePlatformSupportModulesInManaged (8ms)
			BeforeProcessingInitializeOnLoad (90ms)
			ProcessInitializeOnLoadAttributes (307ms)
			ProcessInitializeOnLoadMethodAttributes (114ms)
			AfterProcessingInitializeOnLoad (4ms)
		AwakeInstancesAfterBackupRestoration (27ms)
Starting new worker id: 0 with log in C:/Users/CS2024/1151VR-HW1-414261498-陳宥元/Logs/AssetImportWorkerHW0.log

Asset Pipeline Refresh (id=b06a229ccae3f284e87e5f8e22bcb2a6): Total: 9.969 seconds - Initiated by InitialRefreshV2(ForceSynchronousImport)
	(Values over 0.05ms)
	Summary:
		Imports: total=0 (actual=0, local cache=0, cache server=0)
		Asset DB Process Time: managed=0 ms, native=6478 ms
		Asset DB Callback time: managed=32 ms, native=29 ms
		Scripting: domain reloads=1, domain reload time=2126 ms, compile time=1257 ms, other=43 ms
		Project Asset Count: scripts=1413, non-scripts=2464
		Asset File Changes: new=0, changed=0, moved=0, deleted=0
		Scan Filter Count: 0
	InvokePackagesCallback: 31.151ms
	ApplyChangesToAssetFolders: 0.582ms
	Scan: 111.240ms
	Collect global state as custom dependencies: 21.417ms
	CategorizeScriptCompilationAssets: 1373.851ms
	ProcessAssetsWithTransientArtifactChanges: 64.285ms
	CategorizeAssets: 49.959ms
	CompileScripts: 1257.273ms
	ImportOutOfDateAssets: 1030.410ms (1021.265ms without children)
		UnloadImportedAssets: 0.919ms
		EnsureUptoDateAssetsAreRegisteredWithGuidPM: 0.712ms
		ImportSchedulerStart: 7.464ms
	PostProcessAllAssets: 32.906ms
		MonoPostProcessAllAssets: 32.792ms
			UniversalRenderPipelineGlobalSettingsPostprocessor.OnPostprocessAllAssets 14.212ms
			SyncVS.PostprocessSyncProject 3.542ms
			SpeedTree9Postprocessor.OnPostprocessAllAssets 1.784ms
			WindowAssetPostprocessingWatcher.OnPostprocessAllAssets 1.653ms
			EditModeScopePostprocessor.OnPostprocessAllAssets 0.805ms
			RenderPipelineGlobalSettingsPostprocessor.OnPostprocessAllAssets 0.635ms
			ShaderReflectionAssetPostProcessor.OnPostprocessAllAssets 0.476ms
			InputActionAssetPostprocessor.OnPostprocessAllAssets 0.294ms
			TerrainToolbarOverlayPostProcessor.OnPostprocessAllAssets 0.246ms
			ReferencedClipsPostProcessor.OnPostprocessAllAssets 0.235ms
			ProjectSettingsPostprocessor.OnPostprocessAllAssets 0.199ms
			AssetDatabaseCallbacks.OnPostprocessAllAssets 0.154ms
	UnloadStreamsBegin: 1.363ms
	PersistCurrentRevisions: 0.163ms
	GenerateScriptTypeHashes: 1.217ms
	GenerateScriptTypeSerializationHashes: 2.257ms
	Untracked: 5971.424ms

Application.AssetDatabase Initial Refresh End
Launched and connected shader compiler UnityShaderCompiler.exe after 0.04 seconds
Scanning for USB devices : 25.713ms
Initializing Unity extensions:
[MODES] ModeService[none].Initialize
[MODES] ModeService[none].LoadModes
[MODES] Loading mode Default (0) for mode-current-id-1151VR-HW1-414261498-陳宥元
Unloading 61 Unused Serialized files (Serialized files now loaded: 0)
Loaded scene 'Assets/Scenes/SampleScene.unity'
	Deserialize:            2.959 ms
	Integration:            12.795 ms
	Integration of assets:  0.002 ms
	Thread Wait Time:       0.017 ms
	Total Operation Time:   15.773 ms
Unloading 6625 unused Assets / (11.3 MB). Loaded Objects now: 7604.
Memory consumption went from 432.5 MB to 421.3 MB.
Total: 8.176600 ms (FindLiveObjects: 0.558100 ms CreateObjectMapping: 0.290700 ms MarkObjects: 4.802400 ms  DeleteObjects: 2.286800 ms)

[LAYOUT] About to load UserSettings\Layouts\default-6000.dwlt, keepMainWindow=False
Worker ready: AssetImportWorkerHW0 0
[LAYOUT] About to save layout C:\Users\CS2024\1151VR-HW1-414261498-陳宥元\UserSettings\Layouts\default-6000.dwlt
[LAYOUT] About to save layout C:/Users/CS2024/AppData/Roaming/Unity/Editor-5.x/Preferences\Layouts\current\default-6000.dwlt
[MODES] ModeService[default].InitializeCurrentMode
[MODES] ModeService[default].RaiseModeChanged(default, default)
<RI> Initializing input.
Using Windows.Gaming.Input
[Project] Loading completed in 21.892 seconds
	Project init time: 				20.886 seconds
		Template init time: 		0.000 seconds
		Package Manager init time: 		0.171 seconds
		Asset Database init time: 		0.675 seconds
		Global illumination init time: 	0.002 seconds
		Assemblies load time: 			7.970 seconds
		Unity extensions init time: 	0.028 seconds
		Asset Database refresh time: 	9.969 seconds
	Scene opening time: 			0.889 seconds
##utp:{"type":"ProjectInfo","version":2,"phase":"Immediate","time":1789961006044,"processId":16864,"projectLoad":21.8920322,"projectInit":20.8862122,"templateInit":0.0,"packageManagerInit":0.1712754,"assetDatabaseInit":0.674998,"globalIlluminationInit":0.0024956,"assembliesLoad":7.9702074,"unityExtensionsInit":0.0284912,"assetDatabaseRefresh":9.968994,"sceneOpening":0.8893563}
##utp:{"type":"EditorInfo","version":2,"phase":"Immediate","time":1789961006044,"processId":16864,"editorVersion":"6000.6.0f1 (f7f8ed4d1e24)","branch":"6000.6/respin/6000.6.0f1-fa21a270ab12","buildType":"Release","platform":"Windows"}
GPU Resident Drawer created.
Asset Pipeline Refresh (id=2f682b99073dab74da2ab3611b12b9b0): Total: 0.062 seconds - Initiated by RefreshV2(AllowForceSynchronousImport)
Start Indexing on Editor startup
[Indexing] Starting Initial Indexing for Assets
Created GICache directory at C:/Users/CS2024/AppData/LocalLow/Unity/Caches/GiCache. Took: 0.009s, timestamps: [23.008 - 23.016]
[Licensing::Client] Successfully resolved entitlement details
[Licensing::Client] Successfully resolved entitlement details
[Licensing::Client] Successfully resolved entitlement details
[Licensing::Client] Successfully updated the access token
[Licensing::Module] Successfully updated access token: "x5nDOfmr"... (expires: 2026-09-21T05:11:16Z)
Starting new worker id: 1 with log in C:/Users/CS2024/1151VR-HW1-414261498-陳宥元/Logs/AssetImportWorkerHW1.log
[Worker0] Imported GUID: 99c9720ab356a0642a771bea13969a05 - Path: Assets/Scenes/SampleScene.unity - Importer: ScriptedImporter/UnityEditor.QuickSearchModule:UnityEditor.Search:ASIAI0B -> (ImportResultId: 'afb88b757516bf3eb271aae9f71be9b2') in 0.0654075 seconds
Worker ready: AssetImportWorkerHW1 1
[Licensing::Client] Successfully resolved entitlement details
TrimDiskCacheJob: Current cache size 0mb
Asset Pipeline Refresh (id=8eaafa707a896d444af35dc7dbab6349): Total: 0.004 seconds - Initiated by RefreshV2(AllowForceSynchronousImport)
Asset Pipeline Refresh (id=67038f7439669ac44a5a2b5149853618): Total: 0.002 seconds - Initiated by RefreshV2(AllowForceSynchronousImport)
Asset Pipeline Refresh (id=1c7bbf0a9a803474080d051ad3637c44): Total: 0.002 seconds - Initiated by RefreshV2(AllowForceSynchronousImport)
Asset Pipeline Refresh (id=b1929fdd8db2e574c8efca021d04e3fc): Total: 0.003 seconds - Initiated by RefreshV2(AllowForceSynchronousImport)
GPU Resident Drawer disposed.
Entering Playmode with Reload Domain disabled.
If you experience any issues, please disable "Enter Play Mode Options" in Editor Settings
Entering Playmode with Reload Scene disabled. If you experience any issues, please disable "Enter Play Mode Options" in Editor Settings
GPU Resident Drawer created.
GPU Resident Drawer disposed.
Unloading 6 Unused Serialized files (Serialized files now loaded: 0)
Loaded scene 'Temp/__Backupscenes/0.backup'
	Deserialize:            0.752 ms
	Integration:            15.131 ms
	Integration of assets:  0.003 ms
	Thread Wait Time:       0.047 ms
	Total Operation Time:   15.934 ms
Unloading 77 unused Assets / (16.9 MB). Loaded Objects now: 8674.
Memory consumption went from 0.62 GB to 0.61 GB.
Total: 20.195100 ms (FindLiveObjects: 0.724500 ms CreateObjectMapping: 0.147400 ms MarkObjects: 16.532500 ms  DeleteObjects: 2.515300 ms)

[Licensing::Client] Successfully resolved entitlement details
GPU Resident Drawer created.
GPU Resident Drawer disposed.
Entering Playmode with Reload Domain disabled.
If you experience any issues, please disable "Enter Play Mode Options" in Editor Settings
Entering Playmode with Reload Scene disabled. If you experience any issues, please disable "Enter Play Mode Options" in Editor Settings
GPU Resident Drawer created.
GPU Resident Drawer disposed.
Unloading 8 Unused Serialized files (Serialized files now loaded: 0)
Loaded scene 'Temp/__Backupscenes/0.backup'
	Deserialize:            0.343 ms
	Integration:            15.384 ms
	Integration of assets:  0.003 ms
	Thread Wait Time:       0.041 ms
	Total Operation Time:   15.771 ms
Unloading 22 unused Assets / (225.7 KB). Loaded Objects now: 8757.
Memory consumption went from 0.62 GB to 0.62 GB.
Total: 18.940900 ms (FindLiveObjects: 0.497100 ms CreateObjectMapping: 0.128700 ms MarkObjects: 18.031800 ms  DeleteObjects: 0.046700 ms)

[Licensing::Client] Successfully resolved entitlement details
GPU Resident Drawer created.
Asset Pipeline Refresh (id=5c75dd41b474ae143b2940a90169c8cf): Total: 0.011 seconds - Initiated by RefreshV2(AllowForceSynchronousImport)
GPU Resident Drawer disposed.
Entering Playmode with Reload Domain disabled.
If you experience any issues, please disable "Enter Play Mode Options" in Editor Settings
Entering Playmode with Reload Scene disabled. If you experience any issues, please disable "Enter Play Mode Options" in Editor Settings
GPU Resident Drawer created.
GPU Resident Drawer disposed.
Unloading 5 Unused Serialized files (Serialized files now loaded: 0)
Loaded scene 'Temp/__Backupscenes/0.backup'
	Deserialize:            0.379 ms
	Integration:            14.373 ms
	Integration of assets:  0.004 ms
	Thread Wait Time:       0.018 ms
	Total Operation Time:   14.774 ms
Unloading 21 unused Assets / (0.6 MB). Loaded Objects now: 8761.
Memory consumption went from 0.62 GB to 0.62 GB.
Total: 23.210600 ms (FindLiveObjects: 0.527900 ms CreateObjectMapping: 0.138900 ms MarkObjects: 22.255200 ms  DeleteObjects: 0.049000 ms)

GPU Resident Drawer created.
Asset Pipeline Refresh (id=54252707842a85c4181c311328a33453): Total: 0.005 seconds - Initiated by RefreshV2(AllowForceSynchronousImport)
Asset Pipeline Refresh (id=e246a6ce283ab284c81c5d5fc73775e2): Total: 0.002 seconds - Initiated by RefreshV2(AllowForceSynchronousImport)
Asset Pipeline Refresh (id=2a207b4334827d648b33d62a19c2e03b): Total: 0.003 seconds - Initiated by RefreshV2(AllowForceSynchronousImport)
Asset Pipeline Refresh (id=c4106df449aeed549839b529fe89e0d7): Total: 0.004 seconds - Initiated by RefreshV2(AllowForceSynchronousImport)
Importing 'GUID: 00000000000000009000000000000000 - Path: ProjectSettings/QualitySettings.asset' with importer (LibraryAssetImporter)
Imported 'GUID: 00000000000000009000000000000000' -> (Import Result ID: '8151b601d05d3e12de314c2aa1f82962') in 0.004 seconds [static dependencies only]. Details - ImportResultOutputID=2a108b3da874f726c62fbe5f12be4a8a DependenciesID=6180c49ef29638684367d2893c04e070 StaticDependenciesID=5b19720d9149525484b40148944c8e26 
Asset Pipeline Refresh (id=0081a0cb0dcd2f549b77a3b6e68b8592): Total: 0.064 seconds - Initiated by StopAssetImportingV2(NoUpdateAssetOptions)
Importing 'GUID: 99c9720ab356a0642a771bea13969a05 - Path: Assets/Scenes/SampleScene.unity' with importer (DefaultImporter)
Imported 'GUID: 99c9720ab356a0642a771bea13969a05' -> (Import Result ID: '3cbc05528478a9a5ba41d2219674be83') in 0.001 seconds [static dependencies only]. Details - ImportResultOutputID=b4491ddbae88a879b6308480a6079ca7 DependenciesID=5835d6bb67cbcf7ccf473360e43605d6 StaticDependenciesID=91a2ef4bb54ab31826523eb87c7dfabe 
Asset Pipeline Refresh (id=83dd175c068f0dc46ba9f771aac21732): Total: 0.031 seconds - Initiated by StopAssetImportingV2(NoUpdateAssetOptions)
[Worker0] Imported GUID: 99c9720ab356a0642a771bea13969a05 - Path: Assets/Scenes/SampleScene.unity - Importer: ScriptedImporter/UnityEditor.QuickSearchModule:UnityEditor.Search:ASIAI0B -> (ImportResultId: '022e930019a7b44b023e60aa7d23b727') in 0.023384 seconds
Asset Pipeline Refresh (id=980f92b9390d56945b36cacfdb4bf3e5): Total: 0.011 seconds - Initiated by RefreshV2(AllowForceSynchronousImport)
MonoPathRemapper: Attempts to remap: 36125; Successful remaps: 18952
Serialized file version minimum: 22, current 23
[LAYOUT] About to save layout C:\Users\CS2024\1151VR-HW1-414261498-陳宥元\UserSettings\Layouts\default-6000.dwlt
[LAYOUT] About to save layout C:/Users/CS2024/AppData/Roaming/Unity/Editor-5.x/Preferences\Layouts\current\default-6000.dwlt
GPU Resident Drawer disposed.
Input System module state changed to: ShutdownInProgress.
Input Polling Thread exited.
Input System module state changed to: Shutdown.
[Physics::Module] Cleanup current backend.
[Physics::Module] Id: 0xf2b8ea05
[Licensing::IpcConnector] LicenseClient-CS2025-notifications channel disconnected successfully.
[Licensing::IpcConnector] LicenseClient-CS2025 channel disconnected successfully.
Shut down UDS service system complete
Lingering sessions upon destruction of worker manager
Unity Data Store service was successfully shut down
UDS shutting down local client system
AcceleratorClientConnectionCallback - disconnected - :0
Cleanup mono
CodeReloadManager destroyed
abort_threads: Failed aborting id: 0000000000003678, mono_thread_manage will ignore it

abort_threads: Failed aborting id: 00000000000042B8, mono_thread_manage will ignore it

abort_threads: Failed aborting id: 0000000000003678, mono_thread_manage will ignore it

abort_threads: Failed aborting id: 00000000000042B8, mono_thread_manage will ignore it

debugger-agent: Unable to listen on 3756
Checking for leaked weakptr:
  Found no leaked weakptrs.
[Package Manager] Server process was shutdown
##utp:{"type":"MemoryLeaks","version":2,"phase":"Immediate","time":1789962138025,"processId":16864,"allocatedMemory":21980433,"memoryLabels":[{"Default":4143298},{"Permanent":15516},{"NewDelete":76705},{"Thread":4197984},{"Manager":2340165},{"VertexData":8},{"Geometry":816},{"Shader":854447},{"Material":24},{"TextureCache":152},{"GfxDevice":55968},{"Animation":952},{"Audio":120},{"FreeType":8},{"FontEngine":736},{"Physics":1970},{"Physics2D":16},{"Serialization":17600},{"Input":45280},{"JobScheduler":256},{"TextLib":30187},{"Mono":48},{"MonoCode":64},{"ScriptingNativeRuntime":1319264},{"BaseObject":49424},{"Resource":1208},{"Renderer":2384},{"Transform":4685},{"File":31157},{"WebCam":616},{"Culling":32},{"Terrain":11442},{"Wind":24},{"STL":40},{"String":445377},{"StaticString":3808},{"Utility":2675565},{"PoolAlloc":2840},{"AI":80},{"TypeTree":21453},{"ScriptManager":12640},{"CodeReload":448},{"RuntimeInitializeOnLoadManager":64},{"Sprites":102},{"SpriteAtlas":120},{"GI":7816},{"Director":8296},{"CloudService":7584},{"WebRequest":6256},{"VR":49650},{"SceneManager":608},{"Video":208},{"LazyScriptCache":32},{"NativeArray":540},{"Camera":729},{"Secure":265},{"SerializationCache":9256},{"APIUpdating":10320},{"Subsystems":336},{"VirtualTexturing":57888},{"StaticSafetyDebugInfo":278528},{"Analytics":768},{"Hierarchy":1188},{"UIElements":40},{"CoreStats":14456},{"Identifiers":7152},{"Gui":268377},{"EditorUtility":151600},{"VersionControl":8},{"Undo":931},{"AssetDatabase":4670069},{"AssetImporter":40},{"EditorGi":328},{"UnityConnect":36882},{"Upm":1988},{"UpmDiagnostics":8},{"AssetCompliance":96},{"DrivenProperties":72},{"LocalIPC":262},{"ProfilerEditor":9746},{"CoreBusinessMetrics":3602},{"Windowing":456},{"Licensing":12959},{"AssetReference":32},{"IPCStream":32}]}
