
Server arguments:
  --memory-size 1073741824
  --shared-postfix 72487b62e09863a88008062e59f9a196
  --working-directory Library/DataStore
  --silent-console
  --shutdown-grace 0
  --client-process-check 0
  --uds-log-file C:/Users/CS2024/1151VR-HW1-414261498-陳宥元/Logs/UDS-Service.log
  --debug-log 2
  -name
  Unity.DataStore

Initialising UDS system complete:
  - System type: Service
  - Resource namespace: 72487b62e09863a88008062e59f9a196
  - Shared memory size: 1073741824
  - Command buffer id: 1052576
  - Command buffer size: 8192
  - Hashmap size: 4194304
Starting Unity Data Store Application
[Error] Failed to remove data for hash 03d3da6a1792256eb5b88164a1350a83. Failure received from service
0x00007ff61ec3ac75 (Unity.DataStore) uds_wait_handle_complete
0x00007ff61ebff835 (Unity.DataStore) uds_cleanup
0x00007ff61ebeedbf (Unity.DataStore) 
0x00007ff61ebf000d (Unity.DataStore) 
0x00007ff61ebd72e5 (Unity.DataStore) 
0x00007ff61ebd676a (Unity.DataStore) 
0x00007ff61ebd6a4f (Unity.DataStore) 
0x00007ff61ebd28b5 (Unity.DataStore) 
0x00007ff61ec566f4 (Unity.DataStore) uds_wait_handle_complete
0x00007ff8073925bd (KERNEL32) BaseThreadInitThunk
0x00007ff808e4af88 (ntdll) RtlUserThreadStart

[Error] Failed to remove data for hash 03d3da6a1792256eb5b88164a1350a83. Failure received from service
0x00007ff61ec3ac75 (Unity.DataStore) uds_wait_handle_complete
0x00007ff61ebff835 (Unity.DataStore) uds_cleanup
0x00007ff61ebeedbf (Unity.DataStore) 
0x00007ff61ebf000d (Unity.DataStore) 
0x00007ff61ebd72e5 (Unity.DataStore) 
0x00007ff61ebd676a (Unity.DataStore) 
0x00007ff61ebd6a4f (Unity.DataStore) 
0x00007ff61ebd28b5 (Unity.DataStore) 
0x00007ff61ec566f4 (Unity.DataStore) uds_wait_handle_complete
0x00007ff8073925bd (KERNEL32) BaseThreadInitThunk
0x00007ff808e4af88 (ntdll) RtlUserThreadStart

[Error] Failed to remove data for hash b0256a77a87a924cbf0e49a87805211b. Failure received from service
0x00007ff61ec3ac75 (Unity.DataStore) uds_wait_handle_complete
0x00007ff61ebff835 (Unity.DataStore) uds_cleanup
0x00007ff61ebeedbf (Unity.DataStore) 
0x00007ff61ebf000d (Unity.DataStore) 
0x00007ff61ebd72e5 (Unity.DataStore) 
0x00007ff61ebd676a (Unity.DataStore) 
0x00007ff61ebd6a4f (Unity.DataStore) 
0x00007ff61ebd28b5 (Unity.DataStore) 
0x00007ff61ec566f4 (Unity.DataStore) uds_wait_handle_complete
0x00007ff8073925bd (KERNEL32) BaseThreadInitThunk
0x00007ff808e4af88 (ntdll) RtlUserThreadStart

[Error] Failed to remove data for hash 03d3da6a1792256eb5b88164a1350a83. Failure received from service
0x00007ff61ec3ac75 (Unity.DataStore) uds_wait_handle_complete
0x00007ff61ebff835 (Unity.DataStore) uds_cleanup
0x00007ff61ebeedbf (Unity.DataStore) 
0x00007ff61ebf000d (Unity.DataStore) 
0x00007ff61ebd72e5 (Unity.DataStore) 
0x00007ff61ebd676a (Unity.DataStore) 
0x00007ff61ebd6a4f (Unity.DataStore) 
0x00007ff61ebd28b5 (Unity.DataStore) 
0x00007ff61ec566f4 (Unity.DataStore) uds_wait_handle_complete
0x00007ff8073925bd (KERNEL32) BaseThreadInitThunk
0x00007ff808e4af88 (ntdll) RtlUserThreadStart

[Error] Failed to remove data for hash 03d3da6a1792256eb5b88164a1350a83. Failure received from service
0x00007ff61ec3ac75 (Unity.DataStore) uds_wait_handle_complete
0x00007ff61ebff835 (Unity.DataStore) uds_cleanup
0x00007ff61ebeedbf (Unity.DataStore) 
0x00007ff61ebf000d (Unity.DataStore) 
0x00007ff61ebd72e5 (Unity.DataStore) 
0x00007ff61ebd676a (Unity.DataStore) 
0x00007ff61ebd6a4f (Unity.DataStore) 
0x00007ff61ebd28b5 (Unity.DataStore) 
0x00007ff61ec566f4 (Unity.DataStore) uds_wait_handle_complete
0x00007ff8073925bd (KERNEL32) BaseThreadInitThunk
0x00007ff808e4af88 (ntdll) RtlUserThreadStart

Unity Data Store Application Complete
[Warning] Shutting down service while there are still connected clients, client count = 3
Shut down UDS service system complete
